2025-12-08 16:19:36 - Pcap is listening...
2025-12-08 16:19:48 - Forward flow closed due to FIN Flag
2025-12-08 16:20:13 - path:C:\Users\z1395\network_trace_system\ws-traffic-analyze-kit\data\daily\2025-12-08_Flow.csv
2025-12-08 16:20:13 - Pcap stop listening
2025-12-08 16:24:10 - Pcap is listening...
2025-12-08 16:24:13 - Forward flow closed due to FIN Flag
2025-12-08 16:24:14 - Forward flow closed due to FIN Flag
2025-12-08 16:24:14 - Forward flow received 2 FIN packets
2025-12-08 16:24:15 - Forward flow closed due to FIN Flag
2025-12-08 16:24:15 - Forward flow closed due to FIN Flag
2025-12-08 16:24:15 - Forward flow closed due to FIN Flag
2025-12-08 16:24:15 - Forward flow closed due to FIN Flag
2025-12-08 16:24:15 - Forward flow closed due to FIN Flag
2025-12-08 16:24:15 - Forward flow closed due to FIN Flag
2025-12-08 16:24:16 - Forward flow received 2 FIN packets
2025-12-08 16:24:16 - Forward flow received 2 FIN packets
2025-12-08 16:24:16 - Forward flow received 2 FIN packets
2025-12-08 16:24:16 - Forward flow received 2 FIN packets
2025-12-08 16:24:16 - Forward flow received 2 FIN packets
2025-12-08 16:24:16 - Forward flow received 2 FIN packets
2025-12-08 16:24:17 - Forward flow received 3 FIN packets
2025-12-08 16:24:17 - Forward flow received 3 FIN packets
2025-12-08 16:24:17 - Forward flow received 3 FIN packets
2025-12-08 16:24:17 - Forward flow received 3 FIN packets
2025-12-08 16:24:17 - Forward flow received 3 FIN packets
2025-12-08 16:24:17 - Forward flow received 3 FIN packets
2025-12-08 16:24:19 - Forward flow received 4 FIN packets
2025-12-08 16:24:19 - Forward flow received 4 FIN packets
2025-12-08 16:24:19 - Forward flow received 4 FIN packets
2025-12-08 16:24:19 - Forward flow received 4 FIN packets
2025-12-08 16:24:19 - Forward flow received 4 FIN packets
2025-12-08 16:24:19 - Forward flow received 4 FIN packets
2025-12-08 16:24:24 - Forward flow received 5 FIN packets
2025-12-08 16:24:24 - Forward flow received 5 FIN packets
2025-12-08 16:24:24 - Forward flow received 5 FIN packets
2025-12-08 16:24:24 - Forward flow received 5 FIN packets
2025-12-08 16:24:24 - Forward flow received 5 FIN packets
2025-12-08 16:24:24 - Forward flow received 5 FIN packets
2025-12-08 16:24:25 - Forward flow closed due to FIN Flag
2025-12-08 16:24:26 - Forward flow closed due to FIN Flag
2025-12-08 16:24:44 - Forward flow closed due to FIN Flag
2025-12-08 16:25:09 - Forward flow closed due to FIN Flag
2025-12-08 16:25:14 - Forward flow closed due to FIN Flag
2025-12-08 16:25:23 - Forward flow closed due to FIN Flag
2025-12-08 16:25:26 - Forward flow closed due to FIN Flag
2025-12-08 16:25:29 - Forward flow closed due to FIN Flag
2025-12-08 16:25:30 - Forward flow closed due to FIN Flag
2025-12-08 16:25:32 - Forward flow closed due to FIN Flag
2025-12-08 16:25:45 - Forward flow closed due to FIN Flag
2025-12-08 16:26:11 - Forward flow closed due to FIN Flag
2025-12-08 16:26:15 - Forward flow closed due to FIN Flag
2025-12-08 16:26:15 - Forward flow closed due to FIN Flag
2025-12-08 16:26:26 - Forward flow closed due to FIN Flag
2025-12-08 16:26:26 - Forward flow closed due to FIN Flag
2025-12-08 16:26:26 - Forward flow closed due to FIN Flag
2025-12-08 16:26:28 - Forward flow closed due to FIN Flag
2025-12-08 16:26:30 - Forward flow closed due to FIN Flag
2025-12-08 16:26:30 - Forward flow closed due to FIN Flag
2025-12-08 16:26:30 - Forward flow closed due to FIN Flag
2025-12-08 16:26:30 - Forward flow closed due to FIN Flag
2025-12-08 16:26:30 - Forward flow closed due to FIN Flag
2025-12-08 16:26:30 - Forward flow closed due to FIN Flag
2025-12-08 16:26:31 - Forward flow closed due to FIN Flag
2025-12-08 16:26:31 - Forward flow closed due to FIN Flag
2025-12-08 16:26:31 - Forward flow closed due to FIN Flag
2025-12-08 16:26:31 - Forward flow closed due to FIN Flag
2025-12-08 16:26:31 - Forward flow closed due to FIN Flag
2025-12-08 16:26:31 - Forward flow closed due to FIN Flag
2025-12-08 16:26:31 - Forward flow closed due to FIN Flag
2025-12-08 16:26:31 - Forward flow closed due to FIN Flag
2025-12-08 16:26:32 - Forward flow closed due to FIN Flag
2025-12-08 16:26:32 - Forward flow closed due to FIN Flag
2025-12-08 16:26:34 - Forward flow closed due to FIN Flag
2025-12-08 16:26:42 - Forward flow closed due to FIN Flag
2025-12-08 16:26:43 - Forward flow closed due to FIN Flag
2025-12-08 16:26:43 - Forward flow closed due to FIN Flag
2025-12-08 16:26:45 - Forward flow closed due to FIN Flag
2025-12-08 16:26:46 - Forward flow closed due to FIN Flag
2025-12-08 16:26:46 - Forward flow received 2 FIN packets
2025-12-08 16:27:12 - Forward flow closed due to FIN Flag
2025-12-08 16:27:16 - Forward flow closed due to FIN Flag
2025-12-08 16:27:23 - Forward flow closed due to FIN Flag
2025-12-08 16:27:23 - Forward flow closed due to FIN Flag
2025-12-08 16:27:25 - Forward flow closed due to FIN Flag
2025-12-08 16:27:25 - Forward flow closed due to FIN Flag
2025-12-08 16:27:26 - Forward flow closed due to FIN Flag
2025-12-08 16:27:26 - Forward flow closed due to FIN Flag
2025-12-08 16:27:29 - Forward flow closed due to FIN Flag
2025-12-08 16:27:29 - Forward flow closed due to FIN Flag
2025-12-08 16:27:30 - Forward flow closed due to FIN Flag
2025-12-08 16:27:30 - Forward flow closed due to FIN Flag
2025-12-08 16:27:30 - Forward flow closed due to FIN Flag
2025-12-08 16:27:30 - Forward flow closed due to FIN Flag
2025-12-08 16:27:30 - Forward flow closed due to FIN Flag
2025-12-08 16:27:31 - Forward flow closed due to FIN Flag
2025-12-08 16:27:31 - Forward flow closed due to FIN Flag
2025-12-08 16:27:31 - Forward flow closed due to FIN Flag
2025-12-08 16:27:31 - Forward flow received 2 FIN packets
2025-12-08 16:27:31 - Forward flow closed due to FIN Flag
2025-12-08 16:27:31 - Forward flow received 2 FIN packets
2025-12-08 16:27:31 - Forward flow closed due to FIN Flag
2025-12-08 16:27:34 - Forward flow closed due to FIN Flag
2025-12-08 16:27:42 - Forward flow closed due to FIN Flag
2025-12-08 16:27:43 - Forward flow closed due to FIN Flag
2025-12-08 16:27:43 - Forward flow closed due to FIN Flag
2025-12-08 16:27:44 - Forward flow closed due to FIN Flag
2025-12-08 16:27:45 - Forward flow closed due to FIN Flag
2025-12-08 16:27:47 - Forward flow closed due to FIN Flag
2025-12-08 16:27:47 - Forward flow closed due to FIN Flag
2025-12-08 16:28:18 - Forward flow closed due to FIN Flag
2025-12-08 16:28:23 - Forward flow closed due to FIN Flag
2025-12-08 16:28:25 - Forward flow closed due to FIN Flag
2025-12-08 16:28:25 - Forward flow closed due to FIN Flag
2025-12-08 16:28:26 - Forward flow closed due to FIN Flag
2025-12-08 16:28:28 - Forward flow closed due to FIN Flag
2025-12-08 16:28:32 - Forward flow closed due to FIN Flag
2025-12-08 16:28:37 - Forward flow closed due to FIN Flag
2025-12-08 16:28:42 - Forward flow closed due to FIN Flag
2025-12-08 16:28:49 - Forward flow closed due to FIN Flag
2025-12-08 16:29:03 - Forward flow closed due to FIN Flag
2025-12-08 16:29:03 - Forward flow closed due to FIN Flag
2025-12-08 16:29:03 - Forward flow closed due to FIN Flag
2025-12-08 16:29:04 - Forward flow received 2 FIN packets
2025-12-08 16:29:04 - Forward flow received 2 FIN packets
2025-12-08 16:29:04 - Forward flow received 2 FIN packets
2025-12-08 16:29:04 - Forward flow received 3 FIN packets
2025-12-08 16:29:04 - Forward flow received 3 FIN packets
2025-12-08 16:29:04 - Forward flow received 3 FIN packets
2025-12-08 16:29:04 - Forward flow closed due to FIN Flag
2025-12-08 16:29:04 - Forward flow closed due to FIN Flag
2025-12-08 16:29:05 - Forward flow received 4 FIN packets
2025-12-08 16:29:05 - Forward flow received 4 FIN packets
2025-12-08 16:29:05 - Forward flow received 4 FIN packets
2025-12-08 16:29:06 - Forward flow received 5 FIN packets
2025-12-08 16:29:06 - Forward flow received 5 FIN packets
2025-12-08 16:29:06 - Forward flow received 5 FIN packets
2025-12-08 16:29:08 - Forward flow received 6 FIN packets
2025-12-08 16:29:08 - Forward flow received 6 FIN packets
2025-12-08 16:29:08 - Forward flow received 6 FIN packets
2025-12-08 16:29:13 - Forward flow received 7 FIN packets
2025-12-08 16:29:13 - Forward flow received 7 FIN packets
2025-12-08 16:29:13 - Forward flow received 7 FIN packets
2025-12-08 16:29:19 - Forward flow closed due to FIN Flag
2025-12-08 16:29:26 - Forward flow closed due to FIN Flag
2025-12-08 16:29:40 - Forward flow closed due to FIN Flag
2025-12-08 16:29:44 - Forward flow closed due to FIN Flag
2025-12-08 16:29:49 - Forward flow closed due to FIN Flag
2025-12-08 16:29:53 - Forward flow closed due to FIN Flag
2025-12-08 16:30:20 - Forward flow closed due to FIN Flag
2025-12-08 16:30:23 - Forward flow closed due to FIN Flag
2025-12-08 16:30:23 - Forward flow closed due to FIN Flag
2025-12-08 16:30:23 - Forward flow closed due to FIN Flag
2025-12-08 16:30:27 - Forward flow closed due to FIN Flag
2025-12-08 16:30:50 - Forward flow closed due to FIN Flag
2025-12-08 16:31:01 - Forward flow closed due to FIN Flag
2025-12-08 16:31:11 - Forward flow closed due to FIN Flag
2025-12-08 16:31:15 - Forward flow closed due to FIN Flag
2025-12-08 16:31:15 - Forward flow received 2 FIN packets
2025-12-08 16:31:21 - Forward flow closed due to FIN Flag
2025-12-08 16:31:27 - Forward flow closed due to FIN Flag
2025-12-08 16:31:28 - Forward flow closed due to FIN Flag
2025-12-08 16:31:32 - Forward flow closed due to FIN Flag
2025-12-08 16:31:51 - Forward flow closed due to FIN Flag
2025-12-08 16:32:22 - Forward flow closed due to FIN Flag
2025-12-08 16:32:25 - Forward flow closed due to FIN Flag
2025-12-08 16:32:27 - Forward flow closed due to FIN Flag
2025-12-08 16:32:43 - Forward flow closed due to FIN Flag
2025-12-08 16:32:52 - Forward flow closed due to FIN Flag
2025-12-08 16:32:53 - Forward flow closed due to FIN Flag
2025-12-08 16:33:23 - Forward flow closed due to FIN Flag
2025-12-08 16:33:27 - Forward flow closed due to FIN Flag
2025-12-08 16:34:14 - Forward flow closed due to FIN Flag
2025-12-08 16:34:14 - Forward flow closed due to FIN Flag
2025-12-08 16:34:14 - Forward flow closed due to FIN Flag
2025-12-08 16:34:15 - Forward flow closed due to FIN Flag
2025-12-08 16:34:27 - Forward flow closed due to FIN Flag
2025-12-08 16:34:27 - Forward flow closed due to FIN Flag
2025-12-08 16:34:33 - Forward flow closed due to FIN Flag
2025-12-08 16:34:44 - Forward flow closed due to FIN Flag
2025-12-08 16:35:14 - Forward flow closed due to FIN Flag
2025-12-08 16:35:15 - Forward flow closed due to FIN Flag
2025-12-08 16:35:16 - Forward flow received 2 FIN packets
2025-12-08 16:35:27 - Forward flow closed due to FIN Flag
2025-12-08 16:35:46 - Forward flow closed due to FIN Flag
2025-12-08 16:35:53 - Forward flow closed due to FIN Flag
2025-12-08 16:36:01 - Forward flow closed due to FIN Flag
2025-12-08 16:36:11 - Forward flow closed due to FIN Flag
2025-12-08 16:36:13 - Forward flow closed due to FIN Flag
2025-12-08 16:36:16 - Forward flow closed due to FIN Flag
2025-12-08 16:36:27 - Forward flow closed due to FIN Flag
2025-12-08 16:36:40 - Forward flow closed due to FIN Flag
2025-12-08 16:36:47 - Forward flow closed due to FIN Flag
2025-12-08 16:37:12 - Forward flow closed due to FIN Flag
2025-12-08 16:37:14 - Forward flow closed due to FIN Flag
2025-12-08 16:37:17 - Forward flow closed due to FIN Flag
2025-12-08 16:37:18 - Forward flow closed due to FIN Flag
2025-12-08 16:37:23 - Forward flow closed due to FIN Flag
2025-12-08 16:37:25 - Forward flow closed due to FIN Flag
2025-12-08 16:37:25 - Forward flow closed due to FIN Flag
2025-12-08 16:37:28 - Forward flow closed due to FIN Flag
2025-12-08 16:37:28 - Forward flow closed due to FIN Flag
2025-12-08 16:37:34 - Forward flow closed due to FIN Flag
2025-12-08 16:37:34 - Forward flow closed due to FIN Flag
2025-12-08 16:37:47 - Forward flow closed due to FIN Flag
2025-12-08 16:37:47 - Forward flow closed due to FIN Flag
2025-12-08 16:38:10 - Forward flow closed due to FIN Flag
2025-12-08 16:38:11 - Forward flow received 2 FIN packets
2025-12-08 16:38:11 - Forward flow received 3 FIN packets
2025-12-08 16:38:13 - Forward flow received 4 FIN packets
2025-12-08 16:38:15 - Forward flow received 5 FIN packets
2025-12-08 16:38:18 - Forward flow closed due to FIN Flag
2025-12-08 16:38:20 - Forward flow received 6 FIN packets
2025-12-08 16:38:28 - Forward flow closed due to FIN Flag
2025-12-08 16:38:49 - Forward flow closed due to FIN Flag
2025-12-08 16:38:53 - Forward flow closed due to FIN Flag
2025-12-08 16:39:19 - Forward flow closed due to FIN Flag
2025-12-08 16:39:19 - Forward flow closed due to FIN Flag
2025-12-08 16:39:24 - Forward flow closed due to FIN Flag
2025-12-08 16:39:28 - Forward flow closed due to FIN Flag
2025-12-08 16:39:50 - Forward flow closed due to FIN Flag
2025-12-08 16:40:21 - Forward flow closed due to FIN Flag
2025-12-08 16:40:23 - Forward flow closed due to FIN Flag
2025-12-08 16:40:23 - Forward flow closed due to FIN Flag
2025-12-08 16:40:28 - Forward flow closed due to FIN Flag
2025-12-08 16:40:28 - Forward flow closed due to FIN Flag
2025-12-08 16:40:35 - Forward flow closed due to FIN Flag
2025-12-08 16:40:52 - Forward flow closed due to FIN Flag
2025-12-08 16:40:53 - Forward flow received 2 FIN packets
2025-12-08 16:41:10 - Forward flow closed due to FIN Flag
2025-12-08 16:41:11 - Forward flow closed due to FIN Flag
2025-12-08 16:41:22 - Forward flow closed due to FIN Flag
2025-12-08 16:41:23 - Forward flow closed due to FIN Flag
2025-12-08 16:41:28 - Forward flow closed due to FIN Flag
2025-12-08 16:41:52 - Forward flow closed due to FIN Flag
2025-12-08 16:41:53 - Forward flow closed due to FIN Flag
2025-12-08 16:41:53 - Forward flow closed due to FIN Flag
2025-12-08 16:41:58 - Forward flow closed due to FIN Flag
2025-12-08 16:42:24 - Forward flow closed due to FIN Flag
2025-12-08 16:42:28 - Forward flow closed due to FIN Flag
2025-12-08 16:42:47 - Forward flow closed due to FIN Flag
2025-12-08 16:42:56 - Forward flow closed due to FIN Flag
2025-12-08 16:42:56 - Forward flow received 2 FIN packets
2025-12-08 16:42:58 - Forward flow received 3 FIN packets
2025-12-08 16:43:01 - Forward flow received 4 FIN packets
2025-12-08 16:43:24 - Forward flow closed due to FIN Flag
2025-12-08 16:43:28 - Forward flow closed due to FIN Flag
2025-12-08 16:43:28 - Forward flow closed due to FIN Flag
2025-12-08 16:43:31 - Forward flow closed due to FIN Flag
2025-12-08 16:43:36 - Forward flow closed due to FIN Flag
2025-12-08 16:44:02 - Forward flow closed due to FIN Flag
2025-12-08 16:44:02 - Forward flow closed due to FIN Flag
2025-12-08 16:44:28 - Forward flow closed due to FIN Flag
2025-12-08 16:44:32 - Forward flow closed due to FIN Flag
2025-12-08 16:44:53 - Forward flow closed due to FIN Flag
2025-12-08 16:45:02 - Forward flow closed due to FIN Flag
2025-12-08 16:45:29 - Forward flow closed due to FIN Flag
2025-12-08 16:45:34 - Forward flow closed due to FIN Flag
2025-12-08 16:45:46 - Forward flow closed due to FIN Flag
2025-12-08 16:46:06 - Forward flow closed due to FIN Flag
2025-12-08 16:46:11 - Forward flow closed due to FIN Flag
2025-12-08 16:46:28 - Forward flow closed due to FIN Flag
2025-12-08 16:46:29 - Forward flow closed due to FIN Flag
2025-12-08 16:46:32 - Forward flow closed due to FIN Flag
2025-12-08 16:46:37 - Forward flow closed due to FIN Flag
2025-12-08 16:46:37 - Forward flow closed due to FIN Flag
2025-12-08 16:46:38 - Forward flow received 2 FIN packets
2025-12-08 16:47:07 - Forward flow closed due to FIN Flag
2025-12-08 16:47:13 - Forward flow closed due to FIN Flag
2025-12-08 16:47:23 - Forward flow closed due to FIN Flag
2025-12-08 16:47:23 - Forward flow closed due to FIN Flag
2025-12-08 16:47:23 - Forward flow closed due to FIN Flag
2025-12-08 16:47:25 - Forward flow closed due to FIN Flag
2025-12-08 16:47:29 - Forward flow closed due to FIN Flag
2025-12-08 16:47:32 - Forward flow closed due to FIN Flag
2025-12-08 16:47:35 - Forward flow closed due to FIN Flag
2025-12-08 16:47:38 - Forward flow closed due to FIN Flag
2025-12-08 16:47:47 - Forward flow closed due to FIN Flag
2025-12-08 16:47:53 - Forward flow closed due to FIN Flag
2025-12-08 16:48:08 - Forward flow closed due to FIN Flag
2025-12-08 16:48:12 - Forward flow closed due to FIN Flag
2025-12-08 16:48:23 - Forward flow closed due to FIN Flag
2025-12-08 16:48:23 - Forward flow closed due to FIN Flag
2025-12-08 16:48:26 - Forward flow closed due to FIN Flag
2025-12-08 16:48:29 - Forward flow closed due to FIN Flag
2025-12-08 16:48:39 - Forward flow closed due to FIN Flag
2025-12-08 16:49:10 - Forward flow closed due to FIN Flag
2025-12-08 16:49:23 - Forward flow closed due to FIN Flag
2025-12-08 16:49:28 - Forward flow closed due to FIN Flag
2025-12-08 16:49:29 - Forward flow closed due to FIN Flag
2025-12-08 16:49:38 - Forward flow closed due to FIN Flag
2025-12-08 16:49:40 - Forward flow closed due to FIN Flag
2025-12-08 16:50:11 - Forward flow closed due to FIN Flag
2025-12-08 16:50:23 - Forward flow closed due to FIN Flag
2025-12-08 16:50:23 - Forward flow closed due to FIN Flag
2025-12-08 16:50:29 - Forward flow closed due to FIN Flag
2025-12-08 16:50:36 - Forward flow closed due to FIN Flag
2025-12-08 16:50:41 - Forward flow closed due to FIN Flag
2025-12-08 16:50:53 - Forward flow closed due to FIN Flag
2025-12-08 16:51:11 - Forward flow closed due to FIN Flag
2025-12-08 16:51:12 - Forward flow closed due to FIN Flag
2025-12-08 16:51:29 - Forward flow closed due to FIN Flag
2025-12-08 16:51:42 - Forward flow closed due to FIN Flag
2025-12-08 16:52:12 - Forward flow closed due to FIN Flag
2025-12-08 16:52:24 - Forward flow closed due to FIN Flag
2025-12-08 16:52:25 - Forward flow closed due to FIN Flag
2025-12-08 16:52:30 - Forward flow closed due to FIN Flag
2025-12-08 16:52:30 - Forward flow closed due to FIN Flag
2025-12-08 16:52:36 - Forward flow closed due to FIN Flag
2025-12-08 16:52:39 - Forward flow closed due to FIN Flag
2025-12-08 16:52:41 - Forward flow closed due to FIN Flag
2025-12-08 16:52:43 - Forward flow closed due to FIN Flag
2025-12-08 16:52:48 - Forward flow closed due to FIN Flag
2025-12-08 16:53:11 - Forward flow closed due to FIN Flag
2025-12-08 16:53:14 - Forward flow closed due to FIN Flag
2025-12-08 16:53:23 - Forward flow closed due to FIN Flag
2025-12-08 16:53:30 - Forward flow closed due to FIN Flag
2025-12-08 16:53:44 - Forward flow closed due to FIN Flag
2025-12-08 16:53:53 - Forward flow closed due to FIN Flag
2025-12-08 16:54:14 - Forward flow closed due to FIN Flag
2025-12-08 16:54:30 - Forward flow closed due to FIN Flag
2025-12-08 16:54:45 - Forward flow closed due to FIN Flag
2025-12-08 16:54:49 - path:C:\Users\z1395\network_trace_system\ws-traffic-analyze-kit\data\daily\2025-12-08_Flow.csv
2025-12-08 16:54:49 - Pcap stop listening
2025-12-08 17:21:01 - Pcap is listening...
2025-12-08 17:21:03 - Forward flow closed due to FIN Flag
2025-12-08 17:21:12 - Forward flow closed due to FIN Flag
2025-12-08 17:21:12 - Forward flow closed due to FIN Flag
2025-12-08 17:21:12 - Forward flow closed due to FIN Flag
2025-12-08 17:21:12 - Forward flow closed due to FIN Flag
2025-12-08 17:21:15 - Forward flow closed due to FIN Flag
2025-12-08 17:21:34 - Forward flow closed due to FIN Flag
2025-12-08 17:21:43 - Forward flow closed due to FIN Flag
2025-12-08 17:21:50 - Forward flow closed due to FIN Flag
2025-12-08 17:21:50 - Forward flow closed due to FIN Flag
2025-12-08 17:21:59 - Forward flow closed due to FIN Flag
2025-12-08 17:22:04 - Forward flow closed due to FIN Flag
2025-12-08 17:22:13 - Forward flow closed due to FIN Flag
2025-12-08 17:22:20 - Forward flow closed due to FIN Flag
2025-12-08 17:22:21 - Forward flow closed due to FIN Flag
2025-12-08 17:22:21 - Forward flow closed due to FIN Flag
2025-12-08 17:22:21 - Forward flow closed due to FIN Flag
2025-12-08 17:22:34 - Forward flow closed due to FIN Flag
2025-12-08 17:22:58 - Forward flow closed due to FIN Flag
2025-12-08 17:23:04 - Forward flow closed due to FIN Flag
2025-12-08 17:23:13 - Forward flow closed due to FIN Flag
2025-12-08 17:23:15 - Forward flow closed due to FIN Flag
2025-12-08 17:23:17 - Forward flow closed due to FIN Flag
2025-12-08 17:23:20 - Forward flow closed due to FIN Flag
2025-12-08 17:23:22 - Forward flow closed due to FIN Flag
2025-12-08 17:23:22 - Forward flow closed due to FIN Flag
2025-12-08 17:23:22 - Forward flow closed due to FIN Flag
2025-12-08 17:23:25 - Forward flow closed due to FIN Flag
2025-12-08 17:23:34 - Forward flow closed due to FIN Flag
2025-12-08 17:23:35 - Forward flow closed due to FIN Flag
2025-12-08 17:24:05 - Forward flow closed due to FIN Flag
2025-12-08 17:24:06 - Forward flow closed due to FIN Flag
2025-12-08 17:24:13 - Forward flow closed due to FIN Flag
2025-12-08 17:24:13 - Forward flow closed due to FIN Flag
2025-12-08 17:24:15 - Forward flow closed due to FIN Flag
2025-12-08 17:24:16 - Forward flow closed due to FIN Flag
2025-12-08 17:24:18 - Forward flow closed due to FIN Flag
2025-12-08 17:24:21 - Forward flow closed due to FIN Flag
2025-12-08 17:24:24 - Forward flow closed due to FIN Flag
2025-12-08 17:24:24 - Forward flow closed due to FIN Flag
2025-12-08 17:24:36 - Forward flow closed due to FIN Flag
2025-12-08 17:24:43 - Forward flow closed due to FIN Flag
2025-12-08 17:25:08 - Forward flow closed due to FIN Flag
2025-12-08 17:25:14 - Forward flow closed due to FIN Flag
2025-12-08 17:25:15 - Forward flow closed due to FIN Flag
2025-12-08 17:25:38 - Forward flow closed due to FIN Flag
2025-12-08 17:26:09 - Forward flow closed due to FIN Flag
2025-12-08 17:26:12 - Forward flow closed due to FIN Flag
2025-12-08 17:26:13 - Forward flow closed due to FIN Flag
2025-12-08 17:26:13 - Forward flow closed due to FIN Flag
2025-12-08 17:26:15 - Forward flow closed due to FIN Flag
2025-12-08 17:26:16 - Forward flow closed due to FIN Flag
2025-12-08 17:26:18 - Forward flow closed due to FIN Flag
2025-12-08 17:26:22 - Forward flow closed due to FIN Flag
2025-12-08 17:26:22 - Forward flow closed due to FIN Flag
2025-12-08 17:26:39 - Forward flow closed due to FIN Flag
2025-12-08 17:26:45 - Forward flow closed due to FIN Flag
2025-12-08 17:27:09 - Forward flow closed due to FIN Flag
2025-12-08 17:27:13 - Forward flow closed due to FIN Flag
2025-12-08 17:27:13 - Forward flow closed due to FIN Flag
2025-12-08 17:27:36 - Forward flow closed due to FIN Flag
2025-12-08 17:27:40 - Forward flow closed due to FIN Flag
2025-12-08 17:27:43 - Forward flow closed due to FIN Flag
2025-12-08 17:28:11 - Forward flow closed due to FIN Flag
2025-12-08 17:28:14 - Forward flow closed due to FIN Flag
2025-12-08 17:28:16 - Forward flow closed due to FIN Flag
2025-12-08 17:28:42 - Forward flow closed due to FIN Flag
2025-12-08 17:29:11 - Forward flow closed due to FIN Flag
2025-12-08 17:29:13 - Forward flow closed due to FIN Flag
2025-12-08 17:29:14 - Forward flow closed due to FIN Flag
2025-12-08 17:29:17 - Forward flow closed due to FIN Flag
2025-12-08 17:29:42 - Forward flow closed due to FIN Flag
2025-12-08 17:29:50 - Forward flow closed due to FIN Flag
2025-12-08 17:30:12 - Forward flow closed due to FIN Flag
2025-12-08 17:30:15 - Forward flow closed due to FIN Flag
2025-12-08 17:30:25 - Forward flow closed due to FIN Flag
2025-12-08 17:30:43 - Forward flow closed due to FIN Flag
2025-12-08 17:31:12 - Forward flow closed due to FIN Flag
2025-12-08 17:31:14 - Forward flow closed due to FIN Flag
2025-12-08 17:31:15 - Forward flow closed due to FIN Flag
2025-12-08 17:31:18 - Forward flow closed due to FIN Flag
2025-12-08 17:31:18 - Forward flow closed due to FIN Flag
2025-12-08 17:31:18 - Forward flow closed due to FIN Flag
2025-12-08 17:31:19 - Forward flow closed due to FIN Flag
2025-12-08 17:31:19 - Forward flow closed due to FIN Flag
2025-12-08 17:31:19 - Forward flow closed due to FIN Flag
2025-12-08 17:31:21 - Forward flow closed due to FIN Flag
2025-12-08 17:31:21 - Forward flow closed due to FIN Flag
2025-12-08 17:31:26 - Forward flow closed due to FIN Flag
2025-12-08 17:31:45 - Forward flow closed due to FIN Flag
2025-12-08 17:31:50 - Forward flow closed due to FIN Flag
2025-12-08 17:32:13 - Forward flow closed due to FIN Flag
2025-12-08 17:32:14 - Forward flow closed due to FIN Flag
2025-12-08 17:32:16 - Forward flow closed due to FIN Flag
2025-12-08 17:32:18 - Forward flow closed due to FIN Flag
2025-12-08 17:32:25 - Forward flow closed due to FIN Flag
2025-12-08 17:33:06 - Forward flow closed due to FIN Flag
2025-12-08 17:33:16 - Forward flow closed due to FIN Flag
2025-12-08 17:33:16 - Forward flow closed due to FIN Flag
2025-12-08 17:33:16 - Forward flow closed due to FIN Flag
2025-12-08 17:33:18 - Forward flow closed due to FIN Flag
2025-12-08 17:33:38 - Forward flow closed due to FIN Flag
2025-12-08 17:33:43 - Forward flow closed due to FIN Flag
2025-12-08 17:34:08 - Forward flow closed due to FIN Flag
2025-12-08 17:34:08 - Forward flow closed due to FIN Flag
2025-12-08 17:34:13 - Forward flow closed due to FIN Flag
2025-12-08 17:34:15 - Forward flow closed due to FIN Flag
2025-12-08 17:34:32 - path:C:\Users\z1395\network_trace_system\ws-traffic-analyze-kit\data\daily\2025-12-08_Flow.csv
2025-12-08 17:34:33 - Pcap stop listening
