2025-12-11 13:43:28 DEBUG swing.common.SwingUtils    C:\Users\z1395\network_trace_system\CICFlowMeter\target\classes (拒绝访问。)
2025-12-11 13:43:28 DEBUG swing.common.SwingUtils    C:\Users\z1395\network_trace_system\CICFlowMeter\target\data (拒绝访问。)
2025-12-11 13:43:28 DEBUG swing.common.SwingUtils    C:\Users\z1395\network_trace_system\CICFlowMeter\target\generated-sources (拒绝访问。)
2025-12-11 13:43:28 DEBUG swing.common.SwingUtils    C:\Users\z1395\network_trace_system\CICFlowMeter\target\logs (拒绝访问。)
2025-12-11 13:43:28 DEBUG swing.common.SwingUtils    C:\Users\z1395\network_trace_system\CICFlowMeter\target\maven-archiver (拒绝访问。)
2025-12-11 13:43:28 DEBUG swing.common.SwingUtils    C:\Users\z1395\network_trace_system\CICFlowMeter\target\maven-status (拒绝访问。)
2025-12-11 13:43:36 INFO  cic.cs.unb.ca.jnetpcap.worker.TrafficFlowWorker    Pcap is listening...
2025-12-11 13:44:44 INFO  cic.cs.unb.ca.flow.ui.FlowMonitorPane    path:C:\Users\z1395\network_trace_system\CICFlowMeter\target\data\daily\2025-12-11_Flow.csv
2025-12-11 13:44:45 INFO  cic.cs.unb.ca.flow.ui.FlowMonitorPane    path:C:\Users\z1395\network_trace_system\CICFlowMeter\target\data\daily\2025-12-11_Flow.csv
2025-12-11 14:23:57 DEBUG swing.common.SwingUtils    C:\Users\z1395\network_trace_system\CICFlowMeter\target\classes (拒绝访问。)
2025-12-11 14:23:57 DEBUG swing.common.SwingUtils    C:\Users\z1395\network_trace_system\CICFlowMeter\target\data (拒绝访问。)
2025-12-11 14:23:57 DEBUG swing.common.SwingUtils    C:\Users\z1395\network_trace_system\CICFlowMeter\target\generated-sources (拒绝访问。)
2025-12-11 14:23:57 DEBUG swing.common.SwingUtils    C:\Users\z1395\network_trace_system\CICFlowMeter\target\logs (拒绝访问。)
2025-12-11 14:23:57 DEBUG swing.common.SwingUtils    C:\Users\z1395\network_trace_system\CICFlowMeter\target\maven-archiver (拒绝访问。)
2025-12-11 14:23:57 DEBUG swing.common.SwingUtils    C:\Users\z1395\network_trace_system\CICFlowMeter\target\maven-status (拒绝访问。)
2025-12-11 14:24:01 INFO  cic.cs.unb.ca.jnetpcap.worker.TrafficFlowWorker    Pcap is listening...
2025-12-11 14:24:32 INFO  cic.cs.unb.ca.flow.ui.FlowMonitorPane    path:C:\Users\z1395\network_trace_system\CICFlowMeter\target\data\daily\2025-12-11_Flow.csv
2025-12-11 14:24:33 INFO  cic.cs.unb.ca.flow.ui.FlowMonitorPane    path:C:\Users\z1395\network_trace_system\CICFlowMeter\target\data\daily\2025-12-11_Flow.csv
2025-12-11 14:24:35 INFO  cic.cs.unb.ca.jnetpcap.worker.TrafficFlowWorker    Pcap is listening...
2025-12-11 14:24:54 INFO  cic.cs.unb.ca.flow.ui.FlowMonitorPane    path:C:\Users\z1395\network_trace_system\CICFlowMeter\target\data\daily\2025-12-11_Flow.csv
2025-12-11 14:38:51 DEBUG swing.common.SwingUtils    C:\Users\z1395\network_trace_system\CICFlowMeter\target\classes (拒绝访问。)
2025-12-11 14:38:51 DEBUG swing.common.SwingUtils    C:\Users\z1395\network_trace_system\CICFlowMeter\target\data (拒绝访问。)
2025-12-11 14:38:51 DEBUG swing.common.SwingUtils    C:\Users\z1395\network_trace_system\CICFlowMeter\target\generated-sources (拒绝访问。)
2025-12-11 14:38:51 DEBUG swing.common.SwingUtils    C:\Users\z1395\network_trace_system\CICFlowMeter\target\logs (拒绝访问。)
2025-12-11 14:38:51 DEBUG swing.common.SwingUtils    C:\Users\z1395\network_trace_system\CICFlowMeter\target\maven-archiver (拒绝访问。)
2025-12-11 14:38:51 DEBUG swing.common.SwingUtils    C:\Users\z1395\network_trace_system\CICFlowMeter\target\maven-status (拒绝访问。)
2025-12-11 14:38:56 INFO  cic.cs.unb.ca.jnetpcap.worker.TrafficFlowWorker    Pcap is listening...
2025-12-11 14:39:54 INFO  cic.cs.unb.ca.flow.ui.FlowMonitorPane    path:C:\Users\z1395\network_trace_system\CICFlowMeter\target\data\daily\2025-12-11_Flow.csv
2025-12-11 14:39:55 INFO  cic.cs.unb.ca.flow.ui.FlowMonitorPane    path:C:\Users\z1395\network_trace_system\CICFlowMeter\target\data\daily\2025-12-11_Flow.csv
