2025-12-08 13:51:13 - Pcap is listening...
2025-12-08 13:51:27 - Forward flow closed due to FIN Flag
2025-12-08 13:51:51 - Forward flow closed due to FIN Flag
2025-12-08 13:51:58 - Forward flow closed due to FIN Flag
2025-12-08 13:52:12 - Forward flow closed due to FIN Flag
2025-12-08 13:52:20 - path:C:\Users\z1395\network_trace_system\CICFlowMeter\target\data\daily\2025-12-08_Flow.csv
2025-12-08 13:52:20 - Pcap stop listening
2025-12-08 14:32:09 - Pcap is listening...
2025-12-08 14:32:22 - Forward flow closed due to FIN Flag
2025-12-08 14:32:26 - Forward flow closed due to FIN Flag
2025-12-08 14:32:36 - Forward flow closed due to FIN Flag
2025-12-08 14:32:56 - Forward flow closed due to FIN Flag
2025-12-08 14:33:03 - Forward flow closed due to FIN Flag
2025-12-08 14:33:03 - Forward flow closed due to FIN Flag
2025-12-08 14:33:21 - Forward flow closed due to FIN Flag
2025-12-08 14:33:21 - Forward flow closed due to FIN Flag
2025-12-08 14:33:21 - Forward flow closed due to FIN Flag
2025-12-08 14:33:21 - Forward flow closed due to FIN Flag
2025-12-08 14:33:21 - Forward flow closed due to FIN Flag
2025-12-08 14:33:21 - Forward flow closed due to FIN Flag
2025-12-08 14:33:21 - Forward flow closed due to FIN Flag
2025-12-08 14:33:21 - Forward flow closed due to FIN Flag
2025-12-08 14:33:21 - Forward flow closed due to FIN Flag
2025-12-08 14:33:21 - Forward flow closed due to FIN Flag
2025-12-08 14:33:21 - Forward flow closed due to FIN Flag
2025-12-08 14:33:21 - Forward flow closed due to FIN Flag
2025-12-08 14:33:26 - Forward flow closed due to FIN Flag
2025-12-08 14:33:33 - Forward flow closed due to FIN Flag
2025-12-08 14:33:33 - Forward flow closed due to FIN Flag
2025-12-08 14:33:33 - Forward flow closed due to FIN Flag
2025-12-08 14:33:33 - Forward flow closed due to FIN Flag
2025-12-08 14:33:34 - Forward flow closed due to FIN Flag
2025-12-08 14:33:34 - Forward flow closed due to FIN Flag
2025-12-08 14:33:34 - Forward flow closed due to FIN Flag
2025-12-08 14:33:34 - Forward flow closed due to FIN Flag
2025-12-08 14:33:36 - Forward flow closed due to FIN Flag
2025-12-08 14:33:37 - Forward flow closed due to FIN Flag
2025-12-08 14:33:37 - Forward flow closed due to FIN Flag
2025-12-08 14:33:37 - Forward flow closed due to FIN Flag
2025-12-08 14:33:37 - Forward flow closed due to FIN Flag
2025-12-08 14:33:37 - Forward flow closed due to FIN Flag
2025-12-08 14:33:37 - Forward flow closed due to FIN Flag
2025-12-08 14:33:37 - Forward flow closed due to FIN Flag
2025-12-08 14:33:37 - Forward flow closed due to FIN Flag
2025-12-08 14:33:37 - Forward flow closed due to FIN Flag
2025-12-08 14:33:37 - Forward flow closed due to FIN Flag
2025-12-08 14:33:37 - Forward flow closed due to FIN Flag
2025-12-08 14:33:37 - Forward flow closed due to FIN Flag
2025-12-08 14:33:37 - Forward flow closed due to FIN Flag
2025-12-08 14:33:37 - Forward flow closed due to FIN Flag
2025-12-08 14:33:37 - Forward flow closed due to FIN Flag
2025-12-08 14:33:37 - Forward flow closed due to FIN Flag
2025-12-08 14:33:37 - Forward flow closed due to FIN Flag
2025-12-08 14:33:37 - Forward flow closed due to FIN Flag
2025-12-08 14:33:38 - Forward flow closed due to FIN Flag
2025-12-08 14:33:38 - Forward flow closed due to FIN Flag
2025-12-08 14:33:38 - Forward flow closed due to FIN Flag
2025-12-08 14:33:38 - Forward flow closed due to FIN Flag
2025-12-08 14:33:38 - Forward flow closed due to FIN Flag
2025-12-08 14:33:38 - Forward flow closed due to FIN Flag
2025-12-08 14:33:38 - Forward flow closed due to FIN Flag
2025-12-08 14:33:39 - Forward flow closed due to FIN Flag
2025-12-08 14:33:39 - Forward flow closed due to FIN Flag
2025-12-08 14:33:39 - Forward flow closed due to FIN Flag
2025-12-08 14:33:39 - Forward flow closed due to FIN Flag
2025-12-08 14:33:39 - Forward flow closed due to FIN Flag
2025-12-08 14:33:39 - Forward flow closed due to FIN Flag
2025-12-08 14:33:39 - Forward flow closed due to FIN Flag
2025-12-08 14:33:39 - Forward flow closed due to FIN Flag
2025-12-08 14:33:39 - Forward flow closed due to FIN Flag
2025-12-08 14:33:39 - Forward flow closed due to FIN Flag
2025-12-08 14:33:39 - Forward flow closed due to FIN Flag
2025-12-08 14:33:39 - Forward flow closed due to FIN Flag
2025-12-08 14:33:39 - Forward flow closed due to FIN Flag
2025-12-08 14:33:39 - Forward flow closed due to FIN Flag
2025-12-08 14:33:39 - Forward flow closed due to FIN Flag
2025-12-08 14:33:39 - Forward flow closed due to FIN Flag
2025-12-08 14:33:39 - Forward flow closed due to FIN Flag
2025-12-08 14:33:39 - Forward flow closed due to FIN Flag
2025-12-08 14:33:39 - Forward flow closed due to FIN Flag
2025-12-08 14:33:40 - Forward flow closed due to FIN Flag
2025-12-08 14:33:40 - Forward flow closed due to FIN Flag
2025-12-08 14:33:40 - Forward flow closed due to FIN Flag
2025-12-08 14:33:40 - Forward flow closed due to FIN Flag
2025-12-08 14:33:40 - Forward flow closed due to FIN Flag
2025-12-08 14:33:40 - Forward flow closed due to FIN Flag
2025-12-08 14:33:40 - Forward flow closed due to FIN Flag
2025-12-08 14:33:40 - Forward flow closed due to FIN Flag
2025-12-08 14:33:40 - Forward flow closed due to FIN Flag
2025-12-08 14:33:40 - Forward flow closed due to FIN Flag
2025-12-08 14:33:40 - Forward flow closed due to FIN Flag
2025-12-08 14:33:40 - Forward flow closed due to FIN Flag
2025-12-08 14:33:40 - Forward flow closed due to FIN Flag
2025-12-08 14:33:41 - Forward flow closed due to FIN Flag
2025-12-08 14:33:41 - Forward flow closed due to FIN Flag
2025-12-08 14:33:41 - Forward flow closed due to FIN Flag
2025-12-08 14:33:41 - Forward flow closed due to FIN Flag
2025-12-08 14:33:41 - Forward flow closed due to FIN Flag
2025-12-08 14:33:41 - Forward flow closed due to FIN Flag
2025-12-08 14:33:41 - Forward flow closed due to FIN Flag
2025-12-08 14:33:41 - Forward flow closed due to FIN Flag
2025-12-08 14:33:41 - Forward flow closed due to FIN Flag
2025-12-08 14:33:41 - Forward flow closed due to FIN Flag
2025-12-08 14:33:41 - Forward flow closed due to FIN Flag
2025-12-08 14:33:41 - Forward flow closed due to FIN Flag
2025-12-08 14:33:41 - Forward flow closed due to FIN Flag
2025-12-08 14:33:41 - Forward flow closed due to FIN Flag
2025-12-08 14:33:41 - Forward flow closed due to FIN Flag
2025-12-08 14:33:41 - Forward flow closed due to FIN Flag
2025-12-08 14:33:41 - Forward flow closed due to FIN Flag
2025-12-08 14:33:41 - Forward flow closed due to FIN Flag
2025-12-08 14:33:41 - Forward flow closed due to FIN Flag
2025-12-08 14:33:42 - Forward flow closed due to FIN Flag
2025-12-08 14:33:42 - Forward flow closed due to FIN Flag
2025-12-08 14:33:42 - Forward flow closed due to FIN Flag
2025-12-08 14:33:42 - Forward flow closed due to FIN Flag
2025-12-08 14:33:42 - Forward flow closed due to FIN Flag
2025-12-08 14:33:43 - Forward flow closed due to FIN Flag
2025-12-08 14:33:43 - Forward flow closed due to FIN Flag
2025-12-08 14:33:43 - Forward flow closed due to FIN Flag
2025-12-08 14:33:43 - Forward flow closed due to FIN Flag
2025-12-08 14:33:43 - Forward flow closed due to FIN Flag
2025-12-08 14:33:43 - Forward flow closed due to FIN Flag
2025-12-08 14:33:43 - Forward flow closed due to FIN Flag
2025-12-08 14:33:43 - Forward flow closed due to FIN Flag
2025-12-08 14:33:43 - Forward flow closed due to FIN Flag
2025-12-08 14:33:43 - Forward flow closed due to FIN Flag
2025-12-08 14:33:43 - Forward flow closed due to FIN Flag
2025-12-08 14:33:43 - Forward flow closed due to FIN Flag
2025-12-08 14:33:43 - Forward flow closed due to FIN Flag
2025-12-08 14:33:43 - Forward flow closed due to FIN Flag
2025-12-08 14:33:43 - Forward flow closed due to FIN Flag
2025-12-08 14:33:43 - Forward flow closed due to FIN Flag
2025-12-08 14:33:43 - Forward flow closed due to FIN Flag
2025-12-08 14:33:43 - Forward flow closed due to FIN Flag
2025-12-08 14:33:43 - Forward flow closed due to FIN Flag
2025-12-08 14:33:43 - Forward flow closed due to FIN Flag
2025-12-08 14:33:44 - Forward flow closed due to FIN Flag
2025-12-08 14:33:44 - Forward flow closed due to FIN Flag
2025-12-08 14:33:44 - Forward flow closed due to FIN Flag
2025-12-08 14:33:44 - Forward flow closed due to FIN Flag
2025-12-08 14:33:44 - Forward flow closed due to FIN Flag
2025-12-08 14:33:44 - Forward flow closed due to FIN Flag
2025-12-08 14:33:44 - Forward flow closed due to FIN Flag
2025-12-08 14:33:44 - Forward flow closed due to FIN Flag
2025-12-08 14:33:44 - Forward flow closed due to FIN Flag
2025-12-08 14:33:44 - Forward flow closed due to FIN Flag
2025-12-08 14:33:44 - Forward flow closed due to FIN Flag
2025-12-08 14:33:44 - Forward flow closed due to FIN Flag
2025-12-08 14:33:44 - Forward flow closed due to FIN Flag
2025-12-08 14:33:44 - Forward flow closed due to FIN Flag
2025-12-08 14:33:44 - Forward flow closed due to FIN Flag
2025-12-08 14:33:44 - Forward flow closed due to FIN Flag
2025-12-08 14:33:44 - Forward flow closed due to FIN Flag
2025-12-08 14:33:44 - Forward flow closed due to FIN Flag
2025-12-08 14:33:44 - Forward flow closed due to FIN Flag
2025-12-08 14:33:44 - Forward flow closed due to FIN Flag
2025-12-08 14:33:44 - Forward flow closed due to FIN Flag
2025-12-08 14:33:44 - Forward flow closed due to FIN Flag
2025-12-08 14:33:44 - Forward flow closed due to FIN Flag
2025-12-08 14:33:44 - Forward flow closed due to FIN Flag
2025-12-08 14:33:44 - Forward flow closed due to FIN Flag
2025-12-08 14:33:44 - Forward flow closed due to FIN Flag
2025-12-08 14:33:44 - Forward flow closed due to FIN Flag
2025-12-08 14:33:44 - Forward flow closed due to FIN Flag
2025-12-08 14:33:44 - Forward flow closed due to FIN Flag
2025-12-08 14:33:44 - Forward flow closed due to FIN Flag
2025-12-08 14:33:44 - Forward flow closed due to FIN Flag
2025-12-08 14:33:44 - Forward flow closed due to FIN Flag
2025-12-08 14:33:44 - Forward flow closed due to FIN Flag
2025-12-08 14:33:45 - Forward flow closed due to FIN Flag
2025-12-08 14:33:45 - Forward flow closed due to FIN Flag
2025-12-08 14:33:45 - Forward flow closed due to FIN Flag
2025-12-08 14:33:45 - Forward flow closed due to FIN Flag
2025-12-08 14:33:45 - Forward flow closed due to FIN Flag
2025-12-08 14:33:45 - Forward flow closed due to FIN Flag
2025-12-08 14:33:45 - Forward flow closed due to FIN Flag
2025-12-08 14:33:45 - Forward flow closed due to FIN Flag
2025-12-08 14:33:45 - Forward flow closed due to FIN Flag
2025-12-08 14:33:45 - Forward flow closed due to FIN Flag
2025-12-08 14:33:47 - Forward flow closed due to FIN Flag
2025-12-08 14:33:53 - Forward flow closed due to FIN Flag
2025-12-08 14:33:54 - Forward flow closed due to FIN Flag
2025-12-08 14:33:54 - Forward flow closed due to FIN Flag
2025-12-08 14:33:54 - Forward flow closed due to FIN Flag
2025-12-08 14:33:54 - Forward flow closed due to FIN Flag
2025-12-08 14:33:54 - Forward flow closed due to FIN Flag
2025-12-08 14:33:55 - Forward flow closed due to FIN Flag
2025-12-08 14:33:56 - Forward flow closed due to FIN Flag
2025-12-08 14:33:57 - Forward flow closed due to FIN Flag
2025-12-08 14:33:57 - Forward flow closed due to FIN Flag
2025-12-08 14:33:57 - Forward flow closed due to FIN Flag
2025-12-08 14:33:58 - Forward flow closed due to FIN Flag
2025-12-08 14:33:59 - Forward flow closed due to FIN Flag
2025-12-08 14:34:10 - Forward flow closed due to FIN Flag
2025-12-08 14:34:11 - Forward flow closed due to FIN Flag
2025-12-08 14:34:13 - Forward flow closed due to FIN Flag
2025-12-08 14:34:13 - Forward flow closed due to FIN Flag
2025-12-08 14:34:13 - Forward flow closed due to FIN Flag
2025-12-08 14:34:13 - Forward flow closed due to FIN Flag
2025-12-08 14:34:13 - Forward flow closed due to FIN Flag
2025-12-08 14:34:18 - Forward flow closed due to FIN Flag
2025-12-08 14:34:20 - Forward flow closed due to FIN Flag
2025-12-08 14:34:23 - Forward flow closed due to FIN Flag
2025-12-08 14:34:24 - Forward flow closed due to FIN Flag
2025-12-08 14:34:24 - Forward flow closed due to FIN Flag
2025-12-08 14:34:24 - Forward flow closed due to FIN Flag
2025-12-08 14:34:24 - Forward flow closed due to FIN Flag
2025-12-08 14:34:24 - Forward flow closed due to FIN Flag
2025-12-08 14:34:24 - Forward flow closed due to FIN Flag
2025-12-08 14:34:24 - Forward flow closed due to FIN Flag
2025-12-08 14:34:24 - Forward flow closed due to FIN Flag
2025-12-08 14:34:24 - Forward flow closed due to FIN Flag
2025-12-08 14:34:24 - Forward flow closed due to FIN Flag
2025-12-08 14:34:24 - Forward flow closed due to FIN Flag
2025-12-08 14:34:24 - Forward flow closed due to FIN Flag
2025-12-08 14:34:24 - Forward flow closed due to FIN Flag
2025-12-08 14:34:24 - Forward flow closed due to FIN Flag
2025-12-08 14:34:24 - Forward flow closed due to FIN Flag
2025-12-08 14:34:25 - Forward flow closed due to FIN Flag
2025-12-08 14:34:25 - Forward flow closed due to FIN Flag
2025-12-08 14:34:25 - Forward flow closed due to FIN Flag
2025-12-08 14:34:25 - Forward flow closed due to FIN Flag
2025-12-08 14:34:25 - Forward flow closed due to FIN Flag
2025-12-08 14:34:25 - Forward flow closed due to FIN Flag
2025-12-08 14:34:25 - Forward flow closed due to FIN Flag
2025-12-08 14:34:25 - Forward flow closed due to FIN Flag
2025-12-08 14:34:25 - Forward flow closed due to FIN Flag
2025-12-08 14:34:25 - Forward flow closed due to FIN Flag
2025-12-08 14:34:25 - Forward flow closed due to FIN Flag
2025-12-08 14:34:25 - Forward flow closed due to FIN Flag
2025-12-08 14:34:26 - Forward flow closed due to FIN Flag
2025-12-08 14:34:26 - Forward flow closed due to FIN Flag
2025-12-08 14:34:26 - Forward flow closed due to FIN Flag
2025-12-08 14:34:26 - Forward flow closed due to FIN Flag
2025-12-08 14:34:27 - Forward flow closed due to FIN Flag
2025-12-08 14:34:27 - Forward flow closed due to FIN Flag
2025-12-08 14:34:27 - Forward flow closed due to FIN Flag
2025-12-08 14:34:27 - Forward flow closed due to FIN Flag
2025-12-08 14:34:27 - Forward flow closed due to FIN Flag
2025-12-08 14:34:27 - Forward flow closed due to FIN Flag
2025-12-08 14:34:27 - Forward flow closed due to FIN Flag
2025-12-08 14:34:27 - Forward flow closed due to FIN Flag
2025-12-08 14:34:28 - Forward flow closed due to FIN Flag
2025-12-08 14:34:28 - Forward flow closed due to FIN Flag
2025-12-08 14:34:28 - Forward flow closed due to FIN Flag
2025-12-08 14:34:28 - Forward flow closed due to FIN Flag
2025-12-08 14:34:28 - Forward flow closed due to FIN Flag
2025-12-08 14:34:28 - Forward flow closed due to FIN Flag
2025-12-08 14:34:28 - Forward flow closed due to FIN Flag
2025-12-08 14:34:28 - Forward flow closed due to FIN Flag
2025-12-08 14:34:31 - Forward flow closed due to FIN Flag
2025-12-08 14:34:31 - Forward flow closed due to FIN Flag
2025-12-08 14:34:31 - Forward flow closed due to FIN Flag
2025-12-08 14:34:31 - Forward flow closed due to FIN Flag
2025-12-08 14:34:31 - Forward flow closed due to FIN Flag
2025-12-08 14:34:31 - Forward flow closed due to FIN Flag
2025-12-08 14:34:31 - Forward flow closed due to FIN Flag
2025-12-08 14:34:31 - Forward flow closed due to FIN Flag
2025-12-08 14:34:31 - Forward flow closed due to FIN Flag
2025-12-08 14:34:31 - Forward flow closed due to FIN Flag
2025-12-08 14:34:31 - Forward flow closed due to FIN Flag
2025-12-08 14:34:31 - Forward flow closed due to FIN Flag
2025-12-08 14:34:31 - Forward flow closed due to FIN Flag
2025-12-08 14:34:31 - Forward flow closed due to FIN Flag
2025-12-08 14:34:31 - Forward flow closed due to FIN Flag
2025-12-08 14:34:31 - Forward flow closed due to FIN Flag
2025-12-08 14:34:32 - Forward flow closed due to FIN Flag
2025-12-08 14:34:33 - Forward flow closed due to FIN Flag
2025-12-08 14:34:33 - Forward flow closed due to FIN Flag
2025-12-08 14:34:35 - Forward flow closed due to FIN Flag
2025-12-08 14:34:35 - Forward flow closed due to FIN Flag
2025-12-08 14:34:36 - Forward flow closed due to FIN Flag
2025-12-08 14:34:36 - Forward flow closed due to FIN Flag
2025-12-08 14:34:36 - Forward flow closed due to FIN Flag
2025-12-08 14:34:36 - Forward flow closed due to FIN Flag
2025-12-08 14:34:36 - Forward flow closed due to FIN Flag
2025-12-08 14:34:36 - Forward flow closed due to FIN Flag
2025-12-08 14:34:36 - Forward flow closed due to FIN Flag
2025-12-08 14:34:36 - Forward flow closed due to FIN Flag
2025-12-08 14:34:36 - Forward flow closed due to FIN Flag
2025-12-08 14:34:36 - Forward flow closed due to FIN Flag
2025-12-08 14:34:36 - Forward flow closed due to FIN Flag
2025-12-08 14:34:37 - Forward flow closed due to FIN Flag
2025-12-08 14:34:37 - Forward flow closed due to FIN Flag
2025-12-08 14:34:37 - Forward flow closed due to FIN Flag
2025-12-08 14:34:37 - Forward flow closed due to FIN Flag
2025-12-08 14:34:37 - Forward flow closed due to FIN Flag
2025-12-08 14:34:37 - Forward flow closed due to FIN Flag
2025-12-08 14:34:37 - Forward flow closed due to FIN Flag
2025-12-08 14:34:37 - Forward flow closed due to FIN Flag
2025-12-08 14:34:37 - Forward flow closed due to FIN Flag
2025-12-08 14:34:37 - Forward flow closed due to FIN Flag
2025-12-08 14:34:37 - Forward flow closed due to FIN Flag
2025-12-08 14:34:37 - Forward flow closed due to FIN Flag
2025-12-08 14:34:37 - Forward flow closed due to FIN Flag
2025-12-08 14:34:37 - Forward flow closed due to FIN Flag
2025-12-08 14:34:37 - Forward flow closed due to FIN Flag
2025-12-08 14:34:37 - Forward flow closed due to FIN Flag
2025-12-08 14:34:39 - Forward flow closed due to FIN Flag
2025-12-08 14:34:39 - Forward flow closed due to FIN Flag
2025-12-08 14:34:39 - Forward flow closed due to FIN Flag
2025-12-08 14:34:42 - Forward flow closed due to FIN Flag
2025-12-08 14:34:43 - Forward flow closed due to FIN Flag
2025-12-08 14:34:43 - Forward flow closed due to FIN Flag
2025-12-08 14:34:43 - Forward flow closed due to FIN Flag
2025-12-08 14:34:43 - Forward flow closed due to FIN Flag
2025-12-08 14:34:44 - Forward flow closed due to FIN Flag
2025-12-08 14:34:44 - Forward flow closed due to FIN Flag
2025-12-08 14:34:44 - Forward flow closed due to FIN Flag
2025-12-08 14:34:44 - Forward flow closed due to FIN Flag
2025-12-08 14:34:44 - Forward flow closed due to FIN Flag
2025-12-08 14:34:44 - Forward flow closed due to FIN Flag
2025-12-08 14:34:44 - Forward flow closed due to FIN Flag
2025-12-08 14:34:44 - Forward flow closed due to FIN Flag
2025-12-08 14:34:44 - Forward flow closed due to FIN Flag
2025-12-08 14:34:44 - Forward flow closed due to FIN Flag
2025-12-08 14:34:45 - Forward flow received 2 FIN packets
2025-12-08 14:34:45 - Forward flow closed due to FIN Flag
2025-12-08 14:34:45 - Forward flow closed due to FIN Flag
2025-12-08 14:34:45 - Forward flow closed due to FIN Flag
2025-12-08 14:34:45 - Forward flow closed due to FIN Flag
2025-12-08 14:34:47 - Forward flow closed due to FIN Flag
2025-12-08 14:34:47 - Forward flow closed due to FIN Flag
2025-12-08 14:34:47 - Forward flow closed due to FIN Flag
2025-12-08 14:34:53 - Forward flow closed due to FIN Flag
2025-12-08 14:34:53 - Forward flow closed due to FIN Flag
2025-12-08 14:34:57 - Forward flow closed due to FIN Flag
2025-12-08 14:35:06 - Forward flow closed due to FIN Flag
2025-12-08 14:35:06 - Forward flow closed due to FIN Flag
2025-12-08 14:35:06 - Forward flow closed due to FIN Flag
2025-12-08 14:35:06 - Forward flow closed due to FIN Flag
2025-12-08 14:35:06 - Forward flow closed due to FIN Flag
2025-12-08 14:35:06 - Forward flow closed due to FIN Flag
2025-12-08 14:35:06 - Forward flow closed due to FIN Flag
2025-12-08 14:35:06 - Forward flow closed due to FIN Flag
2025-12-08 14:35:06 - Forward flow closed due to FIN Flag
2025-12-08 14:35:06 - Forward flow closed due to FIN Flag
2025-12-08 14:35:06 - Forward flow closed due to FIN Flag
2025-12-08 14:35:06 - Forward flow closed due to FIN Flag
2025-12-08 14:35:06 - Forward flow closed due to FIN Flag
2025-12-08 14:35:06 - Forward flow closed due to FIN Flag
2025-12-08 14:35:06 - Forward flow closed due to FIN Flag
2025-12-08 14:35:07 - Forward flow closed due to FIN Flag
2025-12-08 14:35:07 - Forward flow closed due to FIN Flag
2025-12-08 14:35:08 - Forward flow closed due to FIN Flag
2025-12-08 14:35:08 - Forward flow closed due to FIN Flag
2025-12-08 14:35:09 - Forward flow closed due to FIN Flag
2025-12-08 14:35:09 - Forward flow closed due to FIN Flag
2025-12-08 14:35:09 - Forward flow closed due to FIN Flag
2025-12-08 14:35:09 - Forward flow closed due to FIN Flag
2025-12-08 14:35:09 - Forward flow closed due to FIN Flag
2025-12-08 14:35:09 - Forward flow closed due to FIN Flag
2025-12-08 14:35:09 - Forward flow closed due to FIN Flag
2025-12-08 14:35:09 - Forward flow closed due to FIN Flag
2025-12-08 14:35:09 - Forward flow closed due to FIN Flag
2025-12-08 14:35:09 - Forward flow closed due to FIN Flag
2025-12-08 14:35:09 - Forward flow closed due to FIN Flag
2025-12-08 14:35:09 - Forward flow closed due to FIN Flag
2025-12-08 14:35:09 - Forward flow closed due to FIN Flag
2025-12-08 14:35:09 - Forward flow closed due to FIN Flag
2025-12-08 14:35:09 - Forward flow closed due to FIN Flag
2025-12-08 14:35:09 - Forward flow closed due to FIN Flag
2025-12-08 14:35:09 - Forward flow closed due to FIN Flag
2025-12-08 14:35:09 - Forward flow closed due to FIN Flag
2025-12-08 14:35:10 - Forward flow closed due to FIN Flag
2025-12-08 14:35:10 - Forward flow closed due to FIN Flag
2025-12-08 14:35:15 - Forward flow closed due to FIN Flag
2025-12-08 14:35:18 - Forward flow closed due to FIN Flag
2025-12-08 14:35:18 - Forward flow closed due to FIN Flag
2025-12-08 14:35:19 - Forward flow closed due to FIN Flag
2025-12-08 14:35:28 - Forward flow closed due to FIN Flag
2025-12-08 14:35:40 - Forward flow closed due to FIN Flag
2025-12-08 14:35:47 - Forward flow closed due to FIN Flag
2025-12-08 14:35:54 - Forward flow closed due to FIN Flag
2025-12-08 14:35:58 - Forward flow closed due to FIN Flag
2025-12-08 14:35:58 - Forward flow closed due to FIN Flag
2025-12-08 14:35:59 - Forward flow closed due to FIN Flag
2025-12-08 14:36:06 - Forward flow closed due to FIN Flag
2025-12-08 14:36:10 - Forward flow closed due to FIN Flag
2025-12-08 14:36:10 - Forward flow closed due to FIN Flag
2025-12-08 14:36:20 - Forward flow closed due to FIN Flag
2025-12-08 14:36:22 - Forward flow closed due to FIN Flag
2025-12-08 14:36:31 - Forward flow closed due to FIN Flag
2025-12-08 14:36:35 - Forward flow closed due to FIN Flag
2025-12-08 14:36:37 - Forward flow closed due to FIN Flag
2025-12-08 14:36:37 - Forward flow closed due to FIN Flag
2025-12-08 14:36:37 - Forward flow closed due to FIN Flag
2025-12-08 14:36:37 - Forward flow closed due to FIN Flag
2025-12-08 14:36:37 - Forward flow closed due to FIN Flag
2025-12-08 14:36:37 - Forward flow closed due to FIN Flag
2025-12-08 14:36:37 - Forward flow closed due to FIN Flag
2025-12-08 14:36:37 - Forward flow closed due to FIN Flag
2025-12-08 14:36:37 - Forward flow closed due to FIN Flag
2025-12-08 14:36:37 - Forward flow closed due to FIN Flag
2025-12-08 14:36:37 - Forward flow closed due to FIN Flag
2025-12-08 14:36:42 - Forward flow closed due to FIN Flag
2025-12-08 14:36:44 - Forward flow closed due to FIN Flag
2025-12-08 14:36:59 - Forward flow closed due to FIN Flag
2025-12-08 14:37:02 - Forward flow closed due to FIN Flag
2025-12-08 14:37:19 - Forward flow closed due to FIN Flag
2025-12-08 14:37:27 - Forward flow closed due to FIN Flag
2025-12-08 14:37:31 - Forward flow closed due to FIN Flag
2025-12-08 14:37:31 - Forward flow closed due to FIN Flag
2025-12-08 14:37:35 - Forward flow closed due to FIN Flag
2025-12-08 14:37:45 - Forward flow closed due to FIN Flag
2025-12-08 14:37:55 - Forward flow closed due to FIN Flag
2025-12-08 14:38:01 - Forward flow closed due to FIN Flag
2025-12-08 14:38:11 - Forward flow closed due to FIN Flag
2025-12-08 14:38:12 - Forward flow closed due to FIN Flag
2025-12-08 14:38:30 - Forward flow closed due to FIN Flag
2025-12-08 14:38:31 - Forward flow closed due to FIN Flag
2025-12-08 14:38:49 - Forward flow closed due to FIN Flag
2025-12-08 14:39:02 - Forward flow closed due to FIN Flag
2025-12-08 14:39:02 - Forward flow closed due to FIN Flag
2025-12-08 14:39:06 - Forward flow closed due to FIN Flag
2025-12-08 14:39:24 - Forward flow closed due to FIN Flag
2025-12-08 14:39:28 - Forward flow closed due to FIN Flag
2025-12-08 14:39:32 - Forward flow closed due to FIN Flag
2025-12-08 14:39:42 - Forward flow closed due to FIN Flag
2025-12-08 14:40:02 - Forward flow closed due to FIN Flag
2025-12-08 14:40:02 - Forward flow closed due to FIN Flag
2025-12-08 14:40:18 - Forward flow closed due to FIN Flag
2025-12-08 14:40:34 - Forward flow closed due to FIN Flag
2025-12-08 14:40:39 - Forward flow closed due to FIN Flag
2025-12-08 14:40:57 - Forward flow closed due to FIN Flag
2025-12-08 14:41:03 - Forward flow closed due to FIN Flag
2025-12-08 14:41:14 - Forward flow closed due to FIN Flag
2025-12-08 14:41:32 - Forward flow closed due to FIN Flag
2025-12-08 14:41:35 - Forward flow closed due to FIN Flag
2025-12-08 14:41:51 - Forward flow closed due to FIN Flag
2025-12-08 14:42:08 - Forward flow closed due to FIN Flag
2025-12-08 14:42:08 - Forward flow closed due to FIN Flag
2025-12-08 14:42:27 - Forward flow closed due to FIN Flag
2025-12-08 14:42:36 - Forward flow closed due to FIN Flag
2025-12-08 14:42:45 - Forward flow closed due to FIN Flag
2025-12-08 14:43:03 - Forward flow closed due to FIN Flag
2025-12-08 14:43:07 - Forward flow closed due to FIN Flag
2025-12-08 14:43:21 - Forward flow closed due to FIN Flag
2025-12-08 14:43:36 - Forward flow closed due to FIN Flag
2025-12-08 14:43:39 - Forward flow closed due to FIN Flag
2025-12-08 14:43:57 - Forward flow closed due to FIN Flag
2025-12-08 14:44:03 - Forward flow closed due to FIN Flag
2025-12-08 14:44:03 - Forward flow closed due to FIN Flag
2025-12-08 14:44:03 - Forward flow closed due to FIN Flag
2025-12-08 14:44:03 - Forward flow closed due to FIN Flag
2025-12-08 14:44:08 - Forward flow closed due to FIN Flag
2025-12-08 14:44:16 - Forward flow closed due to FIN Flag
2025-12-08 14:44:33 - Forward flow closed due to FIN Flag
2025-12-08 14:44:37 - Forward flow closed due to FIN Flag
2025-12-08 14:44:52 - Forward flow closed due to FIN Flag
2025-12-08 14:45:07 - Forward flow closed due to FIN Flag
2025-12-08 14:45:10 - Forward flow closed due to FIN Flag
2025-12-08 14:45:28 - Forward flow closed due to FIN Flag
2025-12-08 14:45:41 - Forward flow closed due to FIN Flag
2025-12-08 14:45:47 - Forward flow closed due to FIN Flag
2025-12-08 14:46:03 - Forward flow closed due to FIN Flag
2025-12-08 14:46:08 - Forward flow closed due to FIN Flag
2025-12-08 14:46:08 - Forward flow closed due to FIN Flag
2025-12-08 14:46:08 - Forward flow received 2 FIN packets
2025-12-08 14:46:22 - Forward flow closed due to FIN Flag
2025-12-08 14:46:22 - Forward flow closed due to FIN Flag
2025-12-08 14:46:38 - Forward flow closed due to FIN Flag
2025-12-08 14:46:39 - Forward flow closed due to FIN Flag
2025-12-08 14:46:39 - Forward flow closed due to FIN Flag
2025-12-08 14:46:39 - Forward flow closed due to FIN Flag
2025-12-08 14:46:39 - Forward flow closed due to FIN Flag
2025-12-08 14:46:39 - Forward flow closed due to FIN Flag
2025-12-08 14:46:39 - Forward flow closed due to FIN Flag
2025-12-08 14:46:39 - Forward flow closed due to FIN Flag
2025-12-08 14:46:39 - Forward flow closed due to FIN Flag
2025-12-08 14:46:39 - Forward flow closed due to FIN Flag
2025-12-08 14:46:39 - Forward flow closed due to FIN Flag
2025-12-08 14:46:39 - Forward flow closed due to FIN Flag
2025-12-08 14:46:41 - Forward flow closed due to FIN Flag
2025-12-08 14:47:00 - Forward flow closed due to FIN Flag
2025-12-08 14:47:12 - Forward flow closed due to FIN Flag
2025-12-08 14:47:18 - Forward flow closed due to FIN Flag
2025-12-08 14:47:32 - Forward flow closed due to FIN Flag
2025-12-08 14:47:34 - Forward flow closed due to FIN Flag
2025-12-08 14:47:40 - Forward flow closed due to FIN Flag
2025-12-08 14:47:47 - Forward flow closed due to FIN Flag
2025-12-08 14:47:47 - Forward flow received 2 FIN packets
2025-12-08 14:47:47 - Forward flow received 3 FIN packets
2025-12-08 14:47:53 - Forward flow closed due to FIN Flag
2025-12-08 14:47:56 - Forward flow closed due to FIN Flag
2025-12-08 14:48:10 - Forward flow closed due to FIN Flag
2025-12-08 14:48:12 - Forward flow closed due to FIN Flag
2025-12-08 14:48:30 - Forward flow closed due to FIN Flag
2025-12-08 14:48:39 - Forward flow closed due to FIN Flag
2025-12-08 14:48:39 - Forward flow closed due to FIN Flag
2025-12-08 14:48:40 - Forward flow closed due to FIN Flag
2025-12-08 14:48:42 - Forward flow closed due to FIN Flag
2025-12-08 14:48:48 - Forward flow closed due to FIN Flag
2025-12-08 14:49:06 - Forward flow closed due to FIN Flag
2025-12-08 14:49:11 - Forward flow closed due to FIN Flag
2025-12-08 14:49:26 - Forward flow closed due to FIN Flag
2025-12-08 14:49:33 - Forward flow closed due to FIN Flag
2025-12-08 14:49:35 - Forward flow closed due to FIN Flag
2025-12-08 14:49:35 - Forward flow closed due to FIN Flag
2025-12-08 14:49:35 - Forward flow closed due to FIN Flag
2025-12-08 14:49:35 - Forward flow closed due to FIN Flag
2025-12-08 14:49:35 - Forward flow closed due to FIN Flag
2025-12-08 14:49:35 - Forward flow closed due to FIN Flag
2025-12-08 14:49:35 - Forward flow closed due to FIN Flag
2025-12-08 14:49:35 - Forward flow closed due to FIN Flag
2025-12-08 14:49:35 - Forward flow closed due to FIN Flag
2025-12-08 14:49:35 - Forward flow closed due to FIN Flag
2025-12-08 14:49:35 - Forward flow closed due to FIN Flag
2025-12-08 14:49:35 - Forward flow closed due to FIN Flag
2025-12-08 14:49:35 - Forward flow closed due to FIN Flag
2025-12-08 14:49:36 - Forward flow closed due to FIN Flag
2025-12-08 14:49:36 - Forward flow closed due to FIN Flag
2025-12-08 14:49:36 - Forward flow closed due to FIN Flag
2025-12-08 14:49:36 - Forward flow closed due to FIN Flag
2025-12-08 14:49:36 - Forward flow closed due to FIN Flag
2025-12-08 14:49:36 - Forward flow closed due to FIN Flag
2025-12-08 14:49:36 - Forward flow closed due to FIN Flag
2025-12-08 14:49:36 - Forward flow closed due to FIN Flag
2025-12-08 14:49:37 - Forward flow closed due to FIN Flag
2025-12-08 14:49:37 - Forward flow closed due to FIN Flag
2025-12-08 14:49:37 - Forward flow closed due to FIN Flag
2025-12-08 14:49:37 - Forward flow closed due to FIN Flag
2025-12-08 14:49:37 - Forward flow closed due to FIN Flag
2025-12-08 14:49:37 - Forward flow closed due to FIN Flag
2025-12-08 14:49:37 - Forward flow closed due to FIN Flag
2025-12-08 14:49:37 - Forward flow closed due to FIN Flag
2025-12-08 14:49:37 - Forward flow closed due to FIN Flag
2025-12-08 14:49:37 - Forward flow closed due to FIN Flag
2025-12-08 14:49:37 - Forward flow closed due to FIN Flag
2025-12-08 14:49:37 - Forward flow closed due to FIN Flag
2025-12-08 14:49:37 - Forward flow closed due to FIN Flag
2025-12-08 14:49:37 - Forward flow closed due to FIN Flag
2025-12-08 14:49:37 - Forward flow closed due to FIN Flag
2025-12-08 14:49:37 - Forward flow closed due to FIN Flag
2025-12-08 14:49:37 - Forward flow closed due to FIN Flag
2025-12-08 14:49:37 - Forward flow closed due to FIN Flag
2025-12-08 14:49:37 - Forward flow closed due to FIN Flag
2025-12-08 14:49:42 - Forward flow closed due to FIN Flag
2025-12-08 14:49:42 - Forward flow closed due to FIN Flag
2025-12-08 14:49:52 - Forward flow closed due to FIN Flag
2025-12-08 14:49:52 - Forward flow received 2 FIN packets
2025-12-08 14:49:52 - Forward flow received 3 FIN packets
2025-12-08 14:49:54 - Forward flow received 4 FIN packets
2025-12-08 14:49:57 - Forward flow received 5 FIN packets
2025-12-08 14:50:00 - Forward flow closed due to FIN Flag
2025-12-08 14:50:00 - Forward flow received 6 FIN packets
2025-12-08 14:50:10 - Forward flow received 7 FIN packets
2025-12-08 14:50:12 - Forward flow closed due to FIN Flag
2025-12-08 14:50:14 - Forward flow closed due to FIN Flag
2025-12-08 14:50:18 - Forward flow closed due to FIN Flag
2025-12-08 14:50:26 - Forward flow received 8 FIN packets
2025-12-08 14:50:38 - Forward flow closed due to FIN Flag
2025-12-08 14:50:43 - Forward flow closed due to FIN Flag
2025-12-08 14:50:54 - Forward flow closed due to FIN Flag
2025-12-08 14:51:12 - Forward flow closed due to FIN Flag
2025-12-08 14:51:14 - Forward flow closed due to FIN Flag
2025-12-08 14:51:32 - Forward flow closed due to FIN Flag
2025-12-08 14:51:44 - Forward flow closed due to FIN Flag
2025-12-08 14:51:51 - Forward flow closed due to FIN Flag
2025-12-08 14:52:07 - Forward flow closed due to FIN Flag
2025-12-08 14:52:15 - Forward flow closed due to FIN Flag
2025-12-08 14:52:26 - Forward flow closed due to FIN Flag
2025-12-08 14:52:34 - Forward flow closed due to FIN Flag
2025-12-08 14:52:37 - Forward flow closed due to FIN Flag
2025-12-08 14:52:38 - Forward flow closed due to FIN Flag
2025-12-08 14:52:38 - Forward flow closed due to FIN Flag
2025-12-08 14:52:43 - Forward flow closed due to FIN Flag
2025-12-08 14:52:44 - Forward flow closed due to FIN Flag
2025-12-08 14:52:57 - Forward flow closed due to FIN Flag
2025-12-08 14:53:01 - Forward flow closed due to FIN Flag
2025-12-08 14:53:14 - Forward flow closed due to FIN Flag
2025-12-08 14:53:20 - Forward flow closed due to FIN Flag
2025-12-08 14:53:37 - Forward flow closed due to FIN Flag
2025-12-08 14:53:41 - Forward flow closed due to FIN Flag
2025-12-08 14:53:42 - Forward flow received 2 FIN packets
2025-12-08 14:53:42 - Forward flow received 3 FIN packets
2025-12-08 14:53:43 - Forward flow received 4 FIN packets
2025-12-08 14:53:44 - Forward flow received 5 FIN packets
2025-12-08 14:53:45 - Forward flow closed due to FIN Flag
2025-12-08 14:53:46 - Forward flow received 6 FIN packets
2025-12-08 14:53:51 - Forward flow received 7 FIN packets
2025-12-08 14:53:56 - Forward flow closed due to FIN Flag
2025-12-08 14:54:14 - Forward flow closed due to FIN Flag
2025-12-08 14:54:15 - Forward flow closed due to FIN Flag
2025-12-08 14:54:33 - Forward flow closed due to FIN Flag
2025-12-08 14:54:46 - Forward flow closed due to FIN Flag
2025-12-08 14:54:51 - Forward flow closed due to FIN Flag
2025-12-08 14:55:08 - Forward flow closed due to FIN Flag
2025-12-08 14:55:16 - Forward flow closed due to FIN Flag
2025-12-08 14:55:26 - Forward flow closed due to FIN Flag
2025-12-08 14:55:45 - Forward flow closed due to FIN Flag
2025-12-08 14:55:47 - Forward flow closed due to FIN Flag
2025-12-08 14:56:03 - Forward flow closed due to FIN Flag
2025-12-08 14:56:17 - Forward flow closed due to FIN Flag
2025-12-08 14:56:21 - Forward flow closed due to FIN Flag
2025-12-08 14:56:39 - Forward flow closed due to FIN Flag
2025-12-08 14:56:39 - Forward flow closed due to FIN Flag
2025-12-08 14:56:39 - Forward flow closed due to FIN Flag
2025-12-08 14:56:39 - Forward flow closed due to FIN Flag
2025-12-08 14:56:39 - Forward flow closed due to FIN Flag
2025-12-08 14:56:39 - Forward flow closed due to FIN Flag
2025-12-08 14:56:39 - Forward flow closed due to FIN Flag
2025-12-08 14:56:39 - Forward flow closed due to FIN Flag
2025-12-08 14:56:39 - Forward flow closed due to FIN Flag
2025-12-08 14:56:39 - Forward flow closed due to FIN Flag
2025-12-08 14:56:39 - Forward flow closed due to FIN Flag
2025-12-08 14:56:39 - Forward flow closed due to FIN Flag
2025-12-08 14:56:46 - Forward flow closed due to FIN Flag
2025-12-08 14:56:48 - Forward flow closed due to FIN Flag
2025-12-08 14:56:58 - Forward flow closed due to FIN Flag
2025-12-08 14:57:16 - Forward flow closed due to FIN Flag
2025-12-08 14:57:18 - Forward flow closed due to FIN Flag
2025-12-08 14:57:19 - Forward flow closed due to FIN Flag
2025-12-08 14:57:32 - Forward flow closed due to FIN Flag
2025-12-08 14:57:34 - Forward flow closed due to FIN Flag
2025-12-08 14:57:48 - Forward flow closed due to FIN Flag
2025-12-08 14:57:52 - Forward flow closed due to FIN Flag
2025-12-08 14:58:10 - Forward flow closed due to FIN Flag
2025-12-08 14:58:19 - Forward flow closed due to FIN Flag
2025-12-08 14:58:28 - Forward flow closed due to FIN Flag
2025-12-08 14:58:46 - Forward flow closed due to FIN Flag
2025-12-08 14:58:49 - Forward flow closed due to FIN Flag
2025-12-08 14:58:50 - Forward flow closed due to FIN Flag
2025-12-08 14:59:05 - Forward flow closed due to FIN Flag
2025-12-08 14:59:20 - Forward flow closed due to FIN Flag
2025-12-08 14:59:23 - Forward flow closed due to FIN Flag
2025-12-08 14:59:41 - Forward flow closed due to FIN Flag
2025-12-08 14:59:51 - Forward flow closed due to FIN Flag
2025-12-08 14:59:59 - Forward flow closed due to FIN Flag
2025-12-08 15:00:17 - Forward flow closed due to FIN Flag
2025-12-08 15:00:21 - Forward flow closed due to FIN Flag
2025-12-08 15:00:35 - Forward flow closed due to FIN Flag
2025-12-08 15:00:52 - Forward flow closed due to FIN Flag
2025-12-08 15:00:54 - Forward flow closed due to FIN Flag
2025-12-08 15:01:11 - Forward flow closed due to FIN Flag
2025-12-08 15:01:22 - Forward flow closed due to FIN Flag
2025-12-08 15:01:30 - Forward flow closed due to FIN Flag
2025-12-08 15:01:48 - Forward flow closed due to FIN Flag
2025-12-08 15:01:53 - Forward flow closed due to FIN Flag
2025-12-08 15:02:04 - Forward flow closed due to FIN Flag
2025-12-08 15:02:05 - Forward flow received 2 FIN packets
2025-12-08 15:02:05 - Forward flow received 3 FIN packets
2025-12-08 15:02:06 - Forward flow received 4 FIN packets
2025-12-08 15:02:06 - Forward flow closed due to FIN Flag
2025-12-08 15:02:07 - Forward flow received 5 FIN packets
2025-12-08 15:02:08 - Forward flow received 6 FIN packets
2025-12-08 15:02:09 - Forward flow received 7 FIN packets
2025-12-08 15:02:12 - Forward flow received 8 FIN packets
2025-12-08 15:02:17 - Forward flow received 9 FIN packets
2025-12-08 15:02:23 - Forward flow closed due to FIN Flag
2025-12-08 15:02:24 - Forward flow closed due to FIN Flag
2025-12-08 15:02:42 - Forward flow closed due to FIN Flag
2025-12-08 15:02:53 - Forward flow closed due to FIN Flag
2025-12-08 15:03:01 - Forward flow closed due to FIN Flag
2025-12-08 15:03:19 - Forward flow closed due to FIN Flag
2025-12-08 15:03:23 - Forward flow closed due to FIN Flag
2025-12-08 15:03:36 - Forward flow closed due to FIN Flag
2025-12-08 15:03:36 - Forward flow closed due to FIN Flag
2025-12-08 15:03:36 - Forward flow closed due to FIN Flag
2025-12-08 15:03:37 - Forward flow closed due to FIN Flag
2025-12-08 15:03:37 - Forward flow closed due to FIN Flag
2025-12-08 15:03:44 - Forward flow closed due to FIN Flag
2025-12-08 15:03:44 - Forward flow closed due to FIN Flag
2025-12-08 15:03:54 - Forward flow closed due to FIN Flag
2025-12-08 15:03:55 - Forward flow closed due to FIN Flag
2025-12-08 15:04:13 - Forward flow closed due to FIN Flag
2025-12-08 15:04:22 - Forward flow closed due to FIN Flag
2025-12-08 15:04:24 - Forward flow closed due to FIN Flag
2025-12-08 15:04:31 - Forward flow closed due to FIN Flag
2025-12-08 15:04:44 - Forward flow closed due to FIN Flag
2025-12-08 15:04:47 - Forward flow closed due to FIN Flag
2025-12-08 15:04:47 - Forward flow closed due to FIN Flag
2025-12-08 15:04:48 - Forward flow closed due to FIN Flag
2025-12-08 15:04:48 - Forward flow closed due to FIN Flag
2025-12-08 15:04:51 - Forward flow closed due to FIN Flag
2025-12-08 15:04:54 - Forward flow closed due to FIN Flag
2025-12-08 15:04:55 - Forward flow closed due to FIN Flag
2025-12-08 15:04:55 - Forward flow closed due to FIN Flag
2025-12-08 15:04:55 - Forward flow closed due to FIN Flag
2025-12-08 15:04:56 - Forward flow closed due to FIN Flag
2025-12-08 15:04:56 - Forward flow closed due to FIN Flag
2025-12-08 15:04:56 - Forward flow closed due to FIN Flag
2025-12-08 15:04:56 - Forward flow closed due to FIN Flag
2025-12-08 15:04:56 - Forward flow closed due to FIN Flag
2025-12-08 15:04:56 - Forward flow closed due to FIN Flag
2025-12-08 15:04:56 - Forward flow closed due to FIN Flag
2025-12-08 15:04:56 - Forward flow closed due to FIN Flag
2025-12-08 15:04:56 - Forward flow closed due to FIN Flag
2025-12-08 15:04:56 - Forward flow closed due to FIN Flag
2025-12-08 15:04:56 - Forward flow closed due to FIN Flag
2025-12-08 15:04:56 - Forward flow closed due to FIN Flag
2025-12-08 15:04:56 - Forward flow closed due to FIN Flag
2025-12-08 15:04:56 - Forward flow closed due to FIN Flag
2025-12-08 15:04:56 - Forward flow closed due to FIN Flag
2025-12-08 15:04:56 - Forward flow closed due to FIN Flag
2025-12-08 15:04:56 - Forward flow closed due to FIN Flag
2025-12-08 15:04:56 - Forward flow closed due to FIN Flag
2025-12-08 15:04:56 - Forward flow closed due to FIN Flag
2025-12-08 15:04:56 - Forward flow closed due to FIN Flag
2025-12-08 15:04:58 - Forward flow closed due to FIN Flag
2025-12-08 15:04:58 - Forward flow closed due to FIN Flag
2025-12-08 15:04:58 - Forward flow closed due to FIN Flag
2025-12-08 15:04:59 - Forward flow closed due to FIN Flag
2025-12-08 15:04:59 - Forward flow closed due to FIN Flag
2025-12-08 15:04:59 - Forward flow closed due to FIN Flag
2025-12-08 15:04:59 - Forward flow closed due to FIN Flag
2025-12-08 15:04:59 - Forward flow closed due to FIN Flag
2025-12-08 15:04:59 - Forward flow closed due to FIN Flag
2025-12-08 15:04:59 - Forward flow closed due to FIN Flag
2025-12-08 15:04:59 - Forward flow closed due to FIN Flag
2025-12-08 15:04:59 - Forward flow closed due to FIN Flag
2025-12-08 15:04:59 - Forward flow closed due to FIN Flag
2025-12-08 15:04:59 - Forward flow closed due to FIN Flag
2025-12-08 15:04:59 - Forward flow closed due to FIN Flag
2025-12-08 15:04:59 - Forward flow closed due to FIN Flag
2025-12-08 15:04:59 - Forward flow closed due to FIN Flag
2025-12-08 15:04:59 - Forward flow closed due to FIN Flag
2025-12-08 15:04:59 - Forward flow closed due to FIN Flag
2025-12-08 15:05:06 - Forward flow closed due to FIN Flag
2025-12-08 15:05:08 - Forward flow closed due to FIN Flag
2025-12-08 15:05:08 - Forward flow closed due to FIN Flag
2025-12-08 15:05:26 - Forward flow closed due to FIN Flag
2025-12-08 15:05:26 - Forward flow closed due to FIN Flag
2025-12-08 15:05:44 - Forward flow closed due to FIN Flag
2025-12-08 15:05:55 - Forward flow closed due to FIN Flag
2025-12-08 15:06:02 - Forward flow closed due to FIN Flag
2025-12-08 15:06:21 - Forward flow closed due to FIN Flag
2025-12-08 15:06:24 - Forward flow closed due to FIN Flag
2025-12-08 15:06:26 - Forward flow received 2 FIN packets
2025-12-08 15:06:27 - Forward flow closed due to FIN Flag
2025-12-08 15:06:38 - Forward flow closed due to FIN Flag
2025-12-08 15:06:41 - Forward flow closed due to FIN Flag
2025-12-08 15:06:41 - Forward flow closed due to FIN Flag
2025-12-08 15:06:41 - Forward flow closed due to FIN Flag
2025-12-08 15:06:41 - Forward flow closed due to FIN Flag
2025-12-08 15:06:41 - Forward flow closed due to FIN Flag
2025-12-08 15:06:41 - Forward flow closed due to FIN Flag
2025-12-08 15:06:41 - Forward flow closed due to FIN Flag
2025-12-08 15:06:41 - Forward flow closed due to FIN Flag
2025-12-08 15:06:41 - Forward flow closed due to FIN Flag
2025-12-08 15:06:41 - Forward flow closed due to FIN Flag
2025-12-08 15:06:41 - Forward flow closed due to FIN Flag
2025-12-08 15:06:47 - Forward flow closed due to FIN Flag
2025-12-08 15:06:50 - Forward flow closed due to FIN Flag
2025-12-08 15:06:50 - Forward flow closed due to FIN Flag
2025-12-08 15:06:57 - Forward flow closed due to FIN Flag
2025-12-08 15:06:59 - Forward flow closed due to FIN Flag
2025-12-08 15:07:15 - Forward flow closed due to FIN Flag
2025-12-08 15:07:29 - Forward flow closed due to FIN Flag
2025-12-08 15:07:32 - Forward flow closed due to FIN Flag
2025-12-08 15:07:33 - Forward flow closed due to FIN Flag
2025-12-08 15:07:50 - Forward flow closed due to FIN Flag
2025-12-08 15:07:51 - Forward flow closed due to FIN Flag
2025-12-08 15:07:59 - Forward flow closed due to FIN Flag
2025-12-08 15:08:09 - Forward flow closed due to FIN Flag
2025-12-08 15:08:27 - Forward flow closed due to FIN Flag
2025-12-08 15:08:30 - Forward flow closed due to FIN Flag
2025-12-08 15:08:45 - Forward flow closed due to FIN Flag
2025-12-08 15:09:00 - Forward flow closed due to FIN Flag
2025-12-08 15:09:01 - Forward flow closed due to FIN Flag
2025-12-08 15:09:04 - Forward flow closed due to FIN Flag
2025-12-08 15:09:22 - Forward flow closed due to FIN Flag
2025-12-08 15:09:30 - Forward flow closed due to FIN Flag
2025-12-08 15:09:40 - Forward flow closed due to FIN Flag
2025-12-08 15:09:47 - Forward flow closed due to FIN Flag
2025-12-08 15:09:47 - Forward flow closed due to FIN Flag
2025-12-08 15:09:48 - Forward flow closed due to FIN Flag
2025-12-08 15:09:58 - Forward flow closed due to FIN Flag
2025-12-08 15:10:00 - Forward flow closed due to FIN Flag
2025-12-08 15:10:01 - Forward flow closed due to FIN Flag
2025-12-08 15:10:03 - Forward flow received 2 FIN packets
2025-12-08 15:10:16 - Forward flow closed due to FIN Flag
2025-12-08 15:10:32 - Forward flow closed due to FIN Flag
2025-12-08 15:10:34 - Forward flow closed due to FIN Flag
2025-12-08 15:10:53 - Forward flow closed due to FIN Flag
2025-12-08 15:11:02 - Forward flow closed due to FIN Flag
2025-12-08 15:11:11 - Forward flow closed due to FIN Flag
2025-12-08 15:11:29 - Forward flow closed due to FIN Flag
2025-12-08 15:11:33 - Forward flow closed due to FIN Flag
2025-12-08 15:11:33 - Forward flow closed due to FIN Flag
2025-12-08 15:11:47 - Forward flow closed due to FIN Flag
2025-12-08 15:12:04 - Forward flow closed due to FIN Flag
2025-12-08 15:12:05 - Forward flow closed due to FIN Flag
2025-12-08 15:12:23 - Forward flow closed due to FIN Flag
2025-12-08 15:12:34 - Forward flow closed due to FIN Flag
2025-12-08 15:12:41 - Forward flow closed due to FIN Flag
2025-12-08 15:12:59 - Forward flow closed due to FIN Flag
2025-12-08 15:13:05 - Forward flow closed due to FIN Flag
2025-12-08 15:13:18 - Forward flow closed due to FIN Flag
2025-12-08 15:13:35 - Forward flow closed due to FIN Flag
2025-12-08 15:13:36 - Forward flow closed due to FIN Flag
2025-12-08 15:13:54 - Forward flow closed due to FIN Flag
2025-12-08 15:14:06 - Forward flow closed due to FIN Flag
2025-12-08 15:14:12 - Forward flow closed due to FIN Flag
2025-12-08 15:14:30 - Forward flow closed due to FIN Flag
2025-12-08 15:14:37 - Forward flow closed due to FIN Flag
2025-12-08 15:14:49 - Forward flow closed due to FIN Flag
2025-12-08 15:15:07 - Forward flow closed due to FIN Flag
2025-12-08 15:15:07 - Forward flow closed due to FIN Flag
2025-12-08 15:15:24 - Forward flow closed due to FIN Flag
2025-12-08 15:15:38 - Forward flow closed due to FIN Flag
2025-12-08 15:15:42 - Forward flow closed due to FIN Flag
2025-12-08 15:16:01 - Forward flow closed due to FIN Flag
2025-12-08 15:16:08 - Forward flow closed due to FIN Flag
2025-12-08 15:16:20 - Forward flow closed due to FIN Flag
2025-12-08 15:16:24 - Forward flow closed due to FIN Flag
2025-12-08 15:16:24 - Forward flow closed due to FIN Flag
2025-12-08 15:16:24 - Forward flow closed due to FIN Flag
2025-12-08 15:16:24 - Forward flow closed due to FIN Flag
2025-12-08 15:16:25 - Forward flow closed due to FIN Flag
2025-12-08 15:16:25 - Forward flow closed due to FIN Flag
2025-12-08 15:16:26 - Forward flow closed due to FIN Flag
2025-12-08 15:16:26 - Forward flow closed due to FIN Flag
2025-12-08 15:16:26 - Forward flow closed due to FIN Flag
2025-12-08 15:16:27 - Forward flow closed due to FIN Flag
2025-12-08 15:16:37 - Forward flow closed due to FIN Flag
2025-12-08 15:16:40 - Forward flow closed due to FIN Flag
2025-12-08 15:16:42 - Forward flow closed due to FIN Flag
2025-12-08 15:16:42 - Forward flow closed due to FIN Flag
2025-12-08 15:16:42 - Forward flow closed due to FIN Flag
2025-12-08 15:16:42 - Forward flow closed due to FIN Flag
2025-12-08 15:16:42 - Forward flow closed due to FIN Flag
2025-12-08 15:16:42 - Forward flow closed due to FIN Flag
2025-12-08 15:16:42 - Forward flow closed due to FIN Flag
2025-12-08 15:16:42 - Forward flow closed due to FIN Flag
2025-12-08 15:16:42 - Forward flow closed due to FIN Flag
2025-12-08 15:16:42 - Forward flow closed due to FIN Flag
2025-12-08 15:16:42 - Forward flow closed due to FIN Flag
2025-12-08 15:16:56 - Forward flow closed due to FIN Flag
2025-12-08 15:17:12 - Forward flow closed due to FIN Flag
2025-12-08 15:17:15 - Forward flow closed due to FIN Flag
2025-12-08 15:17:32 - Forward flow closed due to FIN Flag
2025-12-08 15:17:32 - Forward flow closed due to FIN Flag
2025-12-08 15:17:41 - Forward flow closed due to FIN Flag
2025-12-08 15:17:48 - Forward flow closed due to FIN Flag
2025-12-08 15:17:50 - Forward flow closed due to FIN Flag
2025-12-08 15:18:09 - Forward flow closed due to FIN Flag
2025-12-08 15:18:13 - Forward flow closed due to FIN Flag
2025-12-08 15:18:13 - Forward flow received 2 FIN packets
2025-12-08 15:18:13 - Forward flow closed due to FIN Flag
2025-12-08 15:18:13 - Forward flow closed due to FIN Flag
2025-12-08 15:18:28 - Forward flow closed due to FIN Flag
2025-12-08 15:18:43 - Forward flow closed due to FIN Flag
2025-12-08 15:18:45 - Forward flow closed due to FIN Flag
2025-12-08 15:18:59 - Forward flow closed due to FIN Flag
2025-12-08 15:19:03 - Forward flow closed due to FIN Flag
2025-12-08 15:19:10 - Forward flow closed due to FIN Flag
2025-12-08 15:19:12 - Forward flow closed due to FIN Flag
2025-12-08 15:19:20 - Forward flow closed due to FIN Flag
2025-12-08 15:19:39 - Forward flow closed due to FIN Flag
2025-12-08 15:19:42 - Forward flow closed due to FIN Flag
2025-12-08 15:19:57 - Forward flow closed due to FIN Flag
2025-12-08 15:20:13 - Forward flow closed due to FIN Flag
2025-12-08 15:20:15 - Forward flow closed due to FIN Flag
2025-12-08 15:20:33 - Forward flow closed due to FIN Flag
2025-12-08 15:20:43 - Forward flow closed due to FIN Flag
2025-12-08 15:20:44 - Forward flow closed due to FIN Flag
2025-12-08 15:20:44 - Forward flow closed due to FIN Flag
2025-12-08 15:20:52 - Forward flow closed due to FIN Flag
2025-12-08 15:20:56 - Forward flow closed due to FIN Flag
2025-12-08 15:20:56 - Forward flow closed due to FIN Flag
2025-12-08 15:21:10 - Forward flow closed due to FIN Flag
2025-12-08 15:21:14 - Forward flow closed due to FIN Flag
2025-12-08 15:21:28 - Forward flow closed due to FIN Flag
2025-12-08 15:21:30 - Forward flow closed due to FIN Flag
2025-12-08 15:21:30 - Forward flow received 2 FIN packets
2025-12-08 15:21:30 - Forward flow received 3 FIN packets
2025-12-08 15:21:31 - Forward flow received 4 FIN packets
2025-12-08 15:21:32 - Forward flow received 5 FIN packets
2025-12-08 15:21:35 - Forward flow received 6 FIN packets
2025-12-08 15:21:39 - Forward flow received 7 FIN packets
2025-12-08 15:21:44 - Forward flow closed due to FIN Flag
2025-12-08 15:21:46 - Forward flow closed due to FIN Flag
2025-12-08 15:21:49 - Forward flow closed due to FIN Flag
2025-12-08 15:22:04 - Forward flow closed due to FIN Flag
2025-12-08 15:22:15 - Forward flow closed due to FIN Flag
2025-12-08 15:22:21 - Forward flow closed due to FIN Flag
2025-12-08 15:22:21 - Forward flow closed due to FIN Flag
2025-12-08 15:22:22 - Forward flow closed due to FIN Flag
2025-12-08 15:22:40 - Forward flow closed due to FIN Flag
2025-12-08 15:22:45 - Forward flow closed due to FIN Flag
2025-12-08 15:22:57 - Forward flow closed due to FIN Flag
2025-12-08 15:22:59 - Forward flow closed due to FIN Flag
2025-12-08 15:23:16 - Forward flow closed due to FIN Flag
2025-12-08 15:23:17 - Forward flow closed due to FIN Flag
2025-12-08 15:23:35 - Forward flow closed due to FIN Flag
2025-12-08 15:23:46 - Forward flow closed due to FIN Flag
2025-12-08 15:23:47 - Forward flow closed due to FIN Flag
2025-12-08 15:23:53 - Forward flow closed due to FIN Flag
2025-12-08 15:24:11 - Forward flow closed due to FIN Flag
2025-12-08 15:24:17 - Forward flow closed due to FIN Flag
2025-12-08 15:24:29 - Forward flow closed due to FIN Flag
2025-12-08 15:24:47 - Forward flow closed due to FIN Flag
2025-12-08 15:24:48 - Forward flow closed due to FIN Flag
2025-12-08 15:25:05 - Forward flow closed due to FIN Flag
2025-12-08 15:25:17 - Forward flow closed due to FIN Flag
2025-12-08 15:25:23 - Forward flow closed due to FIN Flag
2025-12-08 15:25:42 - Forward flow closed due to FIN Flag
2025-12-08 15:25:47 - Forward flow closed due to FIN Flag
2025-12-08 15:26:00 - Forward flow closed due to FIN Flag
2025-12-08 15:26:18 - Forward flow closed due to FIN Flag
2025-12-08 15:26:18 - Forward flow closed due to FIN Flag
2025-12-08 15:26:23 - Forward flow closed due to FIN Flag
2025-12-08 15:26:36 - Forward flow closed due to FIN Flag
2025-12-08 15:26:43 - Forward flow closed due to FIN Flag
2025-12-08 15:26:43 - Forward flow closed due to FIN Flag
2025-12-08 15:26:43 - Forward flow closed due to FIN Flag
2025-12-08 15:26:43 - Forward flow closed due to FIN Flag
2025-12-08 15:26:43 - Forward flow closed due to FIN Flag
2025-12-08 15:26:43 - Forward flow closed due to FIN Flag
2025-12-08 15:26:43 - Forward flow closed due to FIN Flag
2025-12-08 15:26:43 - Forward flow closed due to FIN Flag
2025-12-08 15:26:43 - Forward flow closed due to FIN Flag
2025-12-08 15:26:43 - Forward flow closed due to FIN Flag
2025-12-08 15:26:43 - Forward flow closed due to FIN Flag
2025-12-08 15:26:48 - Forward flow closed due to FIN Flag
2025-12-08 15:26:49 - Forward flow closed due to FIN Flag
2025-12-08 15:26:55 - Forward flow closed due to FIN Flag
2025-12-08 15:27:13 - Forward flow closed due to FIN Flag
2025-12-08 15:27:19 - Forward flow closed due to FIN Flag
2025-12-08 15:27:31 - Forward flow closed due to FIN Flag
2025-12-08 15:27:32 - Forward flow closed due to FIN Flag
2025-12-08 15:27:50 - Forward flow closed due to FIN Flag
2025-12-08 15:27:50 - Forward flow closed due to FIN Flag
2025-12-08 15:28:07 - Forward flow closed due to FIN Flag
2025-12-08 15:28:20 - Forward flow closed due to FIN Flag
2025-12-08 15:28:26 - Forward flow closed due to FIN Flag
2025-12-08 15:28:44 - Forward flow closed due to FIN Flag
2025-12-08 15:28:51 - Forward flow closed due to FIN Flag
2025-12-08 15:28:53 - Forward flow closed due to FIN Flag
2025-12-08 15:29:02 - Forward flow closed due to FIN Flag
2025-12-08 15:29:20 - Forward flow closed due to FIN Flag
2025-12-08 15:29:21 - Forward flow closed due to FIN Flag
2025-12-08 15:29:39 - Forward flow closed due to FIN Flag
2025-12-08 15:29:52 - Forward flow closed due to FIN Flag
2025-12-08 15:29:57 - Forward flow closed due to FIN Flag
2025-12-08 15:30:15 - Forward flow closed due to FIN Flag
2025-12-08 15:30:22 - Forward flow closed due to FIN Flag
2025-12-08 15:30:23 - Forward flow closed due to FIN Flag
2025-12-08 15:30:33 - Forward flow closed due to FIN Flag
2025-12-08 15:30:51 - Forward flow closed due to FIN Flag
2025-12-08 15:30:52 - Forward flow closed due to FIN Flag
2025-12-08 15:31:09 - Forward flow closed due to FIN Flag
2025-12-08 15:31:23 - Forward flow closed due to FIN Flag
2025-12-08 15:31:27 - Forward flow closed due to FIN Flag
2025-12-08 15:31:38 - Forward flow closed due to FIN Flag
2025-12-08 15:31:38 - Forward flow closed due to FIN Flag
2025-12-08 15:31:38 - Forward flow closed due to FIN Flag
2025-12-08 15:31:39 - Forward flow closed due to FIN Flag
2025-12-08 15:31:39 - Forward flow closed due to FIN Flag
2025-12-08 15:31:39 - Forward flow closed due to FIN Flag
2025-12-08 15:31:46 - Forward flow closed due to FIN Flag
2025-12-08 15:31:54 - Forward flow closed due to FIN Flag
2025-12-08 15:31:54 - Forward flow closed due to FIN Flag
2025-12-08 15:31:56 - Forward flow closed due to FIN Flag
2025-12-08 15:32:04 - Forward flow closed due to FIN Flag
2025-12-08 15:32:16 - Forward flow closed due to FIN Flag
2025-12-08 15:32:23 - Forward flow closed due to FIN Flag
2025-12-08 15:32:33 - Forward flow closed due to FIN Flag
2025-12-08 15:32:41 - Forward flow closed due to FIN Flag
2025-12-08 15:32:45 - Forward flow closed due to FIN Flag
2025-12-08 15:32:54 - Forward flow closed due to FIN Flag
2025-12-08 15:32:56 - Forward flow closed due to FIN Flag
2025-12-08 15:32:58 - Forward flow closed due to FIN Flag
2025-12-08 15:33:15 - Forward flow closed due to FIN Flag
2025-12-08 15:33:17 - Forward flow closed due to FIN Flag
2025-12-08 15:33:35 - Forward flow closed due to FIN Flag
2025-12-08 15:33:36 - Forward flow closed due to FIN Flag
2025-12-08 15:33:36 - Forward flow closed due to FIN Flag
2025-12-08 15:33:36 - Forward flow closed due to FIN Flag
2025-12-08 15:33:36 - Forward flow received 2 FIN packets
2025-12-08 15:33:36 - Forward flow received 3 FIN packets
2025-12-08 15:33:36 - Forward flow closed due to FIN Flag
2025-12-08 15:33:36 - Forward flow closed due to FIN Flag
2025-12-08 15:33:37 - Forward flow received 4 FIN packets
2025-12-08 15:33:38 - Forward flow received 5 FIN packets
2025-12-08 15:33:41 - Forward flow received 6 FIN packets
2025-12-08 15:33:44 - Forward flow closed due to FIN Flag
2025-12-08 15:33:45 - Forward flow received 7 FIN packets
2025-12-08 15:33:46 - Forward flow closed due to FIN Flag
2025-12-08 15:33:48 - Forward flow received 2 FIN packets
2025-12-08 15:33:53 - Forward flow closed due to FIN Flag
2025-12-08 15:34:11 - Forward flow closed due to FIN Flag
2025-12-08 15:34:17 - Forward flow closed due to FIN Flag
2025-12-08 15:34:29 - Forward flow closed due to FIN Flag
2025-12-08 15:34:44 - Forward flow closed due to FIN Flag
2025-12-08 15:34:45 - Forward flow closed due to FIN Flag
2025-12-08 15:34:46 - Forward flow closed due to FIN Flag
2025-12-08 15:34:46 - Forward flow closed due to FIN Flag
2025-12-08 15:34:47 - Forward flow closed due to FIN Flag
2025-12-08 15:34:48 - Forward flow closed due to FIN Flag
2025-12-08 15:35:06 - Forward flow closed due to FIN Flag
2025-12-08 15:35:06 - Forward flow closed due to FIN Flag
2025-12-08 15:35:06 - Forward flow closed due to FIN Flag
2025-12-08 15:35:06 - Forward flow closed due to FIN Flag
2025-12-08 15:35:18 - Forward flow closed due to FIN Flag
2025-12-08 15:35:18 - Forward flow closed due to FIN Flag
2025-12-08 15:35:24 - Forward flow closed due to FIN Flag
2025-12-08 15:35:42 - Forward flow closed due to FIN Flag
2025-12-08 15:35:49 - Forward flow closed due to FIN Flag
2025-12-08 15:36:00 - Forward flow closed due to FIN Flag
2025-12-08 15:36:18 - Forward flow closed due to FIN Flag
2025-12-08 15:36:19 - Forward flow closed due to FIN Flag
2025-12-08 15:36:37 - Forward flow closed due to FIN Flag
2025-12-08 15:36:43 - Forward flow closed due to FIN Flag
2025-12-08 15:36:43 - Forward flow closed due to FIN Flag
2025-12-08 15:36:43 - Forward flow closed due to FIN Flag
2025-12-08 15:36:43 - Forward flow closed due to FIN Flag
2025-12-08 15:36:43 - Forward flow closed due to FIN Flag
2025-12-08 15:36:43 - Forward flow closed due to FIN Flag
2025-12-08 15:36:43 - Forward flow closed due to FIN Flag
2025-12-08 15:36:43 - Forward flow closed due to FIN Flag
2025-12-08 15:36:43 - Forward flow closed due to FIN Flag
2025-12-08 15:36:43 - Forward flow closed due to FIN Flag
2025-12-08 15:36:43 - Forward flow closed due to FIN Flag
2025-12-08 15:36:50 - Forward flow closed due to FIN Flag
2025-12-08 15:36:55 - Forward flow closed due to FIN Flag
2025-12-08 15:37:13 - Forward flow closed due to FIN Flag
2025-12-08 15:37:20 - Forward flow closed due to FIN Flag
2025-12-08 15:37:31 - Forward flow closed due to FIN Flag
2025-12-08 15:37:33 - Forward flow closed due to FIN Flag
2025-12-08 15:37:49 - Forward flow closed due to FIN Flag
2025-12-08 15:38:07 - Forward flow closed due to FIN Flag
2025-12-08 15:38:12 - Forward flow closed due to FIN Flag
2025-12-08 15:38:26 - Forward flow closed due to FIN Flag
2025-12-08 15:38:43 - Forward flow closed due to FIN Flag
2025-12-08 15:38:43 - Forward flow closed due to FIN Flag
2025-12-08 15:39:01 - Forward flow closed due to FIN Flag
2025-12-08 15:39:14 - Forward flow closed due to FIN Flag
2025-12-08 15:39:20 - Forward flow closed due to FIN Flag
2025-12-08 15:39:24 - Forward flow closed due to FIN Flag
2025-12-08 15:39:36 - Forward flow closed due to FIN Flag
2025-12-08 15:39:36 - Forward flow closed due to FIN Flag
2025-12-08 15:39:38 - Forward flow closed due to FIN Flag
2025-12-08 15:39:44 - Forward flow closed due to FIN Flag
2025-12-08 15:39:56 - Forward flow closed due to FIN Flag
2025-12-08 15:40:14 - Forward flow closed due to FIN Flag
2025-12-08 15:40:14 - Forward flow closed due to FIN Flag
2025-12-08 15:40:32 - Forward flow closed due to FIN Flag
2025-12-08 15:40:45 - Forward flow closed due to FIN Flag
2025-12-08 15:40:51 - Forward flow closed due to FIN Flag
2025-12-08 15:41:09 - Forward flow closed due to FIN Flag
2025-12-08 15:41:15 - Forward flow closed due to FIN Flag
2025-12-08 15:41:27 - Forward flow closed due to FIN Flag
2025-12-08 15:41:45 - Forward flow closed due to FIN Flag
2025-12-08 15:41:45 - Forward flow closed due to FIN Flag
2025-12-08 15:42:04 - Forward flow closed due to FIN Flag
2025-12-08 15:42:16 - Forward flow closed due to FIN Flag
2025-12-08 15:42:21 - Forward flow closed due to FIN Flag
2025-12-08 15:42:39 - Forward flow closed due to FIN Flag
2025-12-08 15:42:46 - Forward flow closed due to FIN Flag
2025-12-08 15:42:58 - Forward flow closed due to FIN Flag
2025-12-08 15:43:01 - Forward flow closed due to FIN Flag
2025-12-08 15:43:16 - Forward flow closed due to FIN Flag
2025-12-08 15:43:18 - Forward flow closed due to FIN Flag
2025-12-08 15:43:29 - Forward flow closed due to FIN Flag
2025-12-08 15:43:34 - Forward flow closed due to FIN Flag
2025-12-08 15:43:49 - Forward flow closed due to FIN Flag
2025-12-08 15:43:49 - Forward flow closed due to FIN Flag
2025-12-08 15:43:52 - Forward flow closed due to FIN Flag
2025-12-08 15:44:00 - Forward flow closed due to FIN Flag
2025-12-08 15:44:00 - Forward flow closed due to FIN Flag
2025-12-08 15:44:00 - Forward flow closed due to FIN Flag
2025-12-08 15:44:00 - Forward flow closed due to FIN Flag
2025-12-08 15:44:01 - Forward flow closed due to FIN Flag
2025-12-08 15:44:12 - Forward flow closed due to FIN Flag
2025-12-08 15:44:21 - Forward flow closed due to FIN Flag
2025-12-08 15:44:29 - Forward flow closed due to FIN Flag
2025-12-08 15:44:46 - Forward flow closed due to FIN Flag
2025-12-08 15:44:50 - Forward flow closed due to FIN Flag
2025-12-08 15:45:02 - Forward flow closed due to FIN Flag
2025-12-08 15:45:06 - Forward flow closed due to FIN Flag
2025-12-08 15:45:21 - Forward flow closed due to FIN Flag
2025-12-08 15:45:23 - Forward flow received 2 FIN packets
2025-12-08 15:45:23 - Forward flow closed due to FIN Flag
2025-12-08 15:45:41 - Forward flow closed due to FIN Flag
2025-12-08 15:45:56 - Forward flow closed due to FIN Flag
2025-12-08 15:45:59 - Forward flow closed due to FIN Flag
2025-12-08 15:46:17 - Forward flow closed due to FIN Flag
2025-12-08 15:46:27 - Forward flow closed due to FIN Flag
2025-12-08 15:46:35 - Forward flow closed due to FIN Flag
2025-12-08 15:46:44 - Forward flow closed due to FIN Flag
2025-12-08 15:46:44 - Forward flow closed due to FIN Flag
2025-12-08 15:46:44 - Forward flow closed due to FIN Flag
2025-12-08 15:46:44 - Forward flow closed due to FIN Flag
2025-12-08 15:46:44 - Forward flow closed due to FIN Flag
2025-12-08 15:46:44 - Forward flow closed due to FIN Flag
2025-12-08 15:46:44 - Forward flow closed due to FIN Flag
2025-12-08 15:46:44 - Forward flow closed due to FIN Flag
2025-12-08 15:46:44 - Forward flow closed due to FIN Flag
2025-12-08 15:46:44 - Forward flow closed due to FIN Flag
2025-12-08 15:46:44 - Forward flow closed due to FIN Flag
2025-12-08 15:46:53 - Forward flow closed due to FIN Flag
2025-12-08 15:46:57 - Forward flow closed due to FIN Flag
2025-12-08 15:47:12 - Forward flow closed due to FIN Flag
2025-12-08 15:47:24 - Forward flow closed due to FIN Flag
2025-12-08 15:47:30 - Forward flow closed due to FIN Flag
2025-12-08 15:47:33 - Forward flow closed due to FIN Flag
2025-12-08 15:47:48 - Forward flow closed due to FIN Flag
2025-12-08 15:47:49 - Forward flow closed due to FIN Flag
2025-12-08 15:48:05 - Forward flow closed due to FIN Flag
2025-12-08 15:48:07 - Forward flow closed due to FIN Flag
2025-12-08 15:48:13 - Forward flow closed due to FIN Flag
2025-12-08 15:48:19 - Forward flow closed due to FIN Flag
2025-12-08 15:48:25 - Forward flow closed due to FIN Flag
2025-12-08 15:48:44 - Forward flow closed due to FIN Flag
2025-12-08 15:48:51 - Forward flow closed due to FIN Flag
2025-12-08 15:49:02 - Forward flow closed due to FIN Flag
2025-12-08 15:49:20 - Forward flow closed due to FIN Flag
2025-12-08 15:49:20 - Forward flow closed due to FIN Flag
2025-12-08 15:49:38 - Forward flow closed due to FIN Flag
2025-12-08 15:49:50 - Forward flow closed due to FIN Flag
2025-12-08 15:49:56 - Forward flow closed due to FIN Flag
2025-12-08 15:50:02 - Forward flow closed due to FIN Flag
2025-12-08 15:50:14 - Forward flow closed due to FIN Flag
2025-12-08 15:50:20 - Forward flow closed due to FIN Flag
2025-12-08 15:50:32 - Forward flow closed due to FIN Flag
2025-12-08 15:50:51 - Forward flow closed due to FIN Flag
2025-12-08 15:50:51 - Forward flow closed due to FIN Flag
2025-12-08 15:50:52 - Forward flow closed due to FIN Flag
2025-12-08 15:51:09 - Forward flow closed due to FIN Flag
2025-12-08 15:51:12 - Forward flow closed due to FIN Flag
2025-12-08 15:51:21 - Forward flow closed due to FIN Flag
2025-12-08 15:51:27 - Forward flow closed due to FIN Flag
2025-12-08 15:51:46 - Forward flow closed due to FIN Flag
2025-12-08 15:51:52 - Forward flow closed due to FIN Flag
2025-12-08 15:52:04 - Forward flow closed due to FIN Flag
2025-12-08 15:52:22 - Forward flow closed due to FIN Flag
2025-12-08 15:52:22 - Forward flow closed due to FIN Flag
2025-12-08 15:52:40 - Forward flow closed due to FIN Flag
2025-12-08 15:52:53 - Forward flow closed due to FIN Flag
2025-12-08 15:52:58 - Forward flow closed due to FIN Flag
2025-12-08 15:53:12 - Forward flow closed due to FIN Flag
2025-12-08 15:53:17 - Forward flow closed due to FIN Flag
2025-12-08 15:53:23 - Forward flow closed due to FIN Flag
2025-12-08 15:53:35 - Forward flow closed due to FIN Flag
2025-12-08 15:53:51 - Forward flow closed due to FIN Flag
2025-12-08 15:53:51 - Forward flow closed due to FIN Flag
2025-12-08 15:53:52 - Forward flow closed due to FIN Flag
2025-12-08 15:53:52 - Forward flow closed due to FIN Flag
2025-12-08 15:53:52 - Forward flow closed due to FIN Flag
2025-12-08 15:53:52 - Forward flow closed due to FIN Flag
2025-12-08 15:53:53 - Forward flow closed due to FIN Flag
2025-12-08 15:53:54 - Forward flow closed due to FIN Flag
2025-12-08 15:54:12 - Forward flow closed due to FIN Flag
2025-12-08 15:54:13 - Forward flow closed due to FIN Flag
2025-12-08 15:54:13 - Forward flow closed due to FIN Flag
2025-12-08 15:54:25 - Forward flow closed due to FIN Flag
2025-12-08 15:54:29 - Forward flow closed due to FIN Flag
2025-12-08 15:54:47 - Forward flow closed due to FIN Flag
2025-12-08 15:54:55 - Forward flow closed due to FIN Flag
2025-12-08 15:55:05 - Forward flow closed due to FIN Flag
2025-12-08 15:55:23 - Forward flow closed due to FIN Flag
2025-12-08 15:55:25 - Forward flow closed due to FIN Flag
2025-12-08 15:55:42 - Forward flow closed due to FIN Flag
2025-12-08 15:55:55 - Forward flow closed due to FIN Flag
2025-12-08 15:56:00 - Forward flow closed due to FIN Flag
2025-12-08 15:56:18 - Forward flow closed due to FIN Flag
2025-12-08 15:56:26 - Forward flow closed due to FIN Flag
2025-12-08 15:56:37 - Forward flow closed due to FIN Flag
2025-12-08 15:56:45 - Forward flow closed due to FIN Flag
2025-12-08 15:56:45 - Forward flow closed due to FIN Flag
2025-12-08 15:56:45 - Forward flow closed due to FIN Flag
2025-12-08 15:56:45 - Forward flow closed due to FIN Flag
2025-12-08 15:56:45 - Forward flow closed due to FIN Flag
2025-12-08 15:56:45 - Forward flow closed due to FIN Flag
2025-12-08 15:56:45 - Forward flow closed due to FIN Flag
2025-12-08 15:56:45 - Forward flow closed due to FIN Flag
2025-12-08 15:56:45 - Forward flow closed due to FIN Flag
2025-12-08 15:56:45 - Forward flow closed due to FIN Flag
2025-12-08 15:56:45 - Forward flow closed due to FIN Flag
2025-12-08 15:56:45 - Forward flow closed due to FIN Flag
2025-12-08 15:56:54 - Forward flow closed due to FIN Flag
2025-12-08 15:56:56 - Forward flow closed due to FIN Flag
2025-12-08 15:57:12 - Forward flow closed due to FIN Flag
2025-12-08 15:57:27 - Forward flow closed due to FIN Flag
2025-12-08 15:57:30 - Forward flow closed due to FIN Flag
2025-12-08 15:57:33 - Forward flow closed due to FIN Flag
2025-12-08 15:57:48 - Forward flow closed due to FIN Flag
2025-12-08 15:57:57 - Forward flow closed due to FIN Flag
2025-12-08 15:58:06 - Forward flow closed due to FIN Flag
2025-12-08 15:58:25 - Forward flow closed due to FIN Flag
2025-12-08 15:58:27 - Forward flow closed due to FIN Flag
2025-12-08 15:58:43 - Forward flow closed due to FIN Flag
2025-12-08 15:58:58 - Forward flow closed due to FIN Flag
2025-12-08 15:59:01 - Forward flow closed due to FIN Flag
2025-12-08 15:59:20 - Forward flow closed due to FIN Flag
2025-12-08 15:59:28 - Forward flow closed due to FIN Flag
2025-12-08 15:59:38 - Forward flow closed due to FIN Flag
2025-12-08 15:59:56 - Forward flow closed due to FIN Flag
2025-12-08 15:59:59 - Forward flow closed due to FIN Flag
2025-12-08 16:00:14 - Forward flow closed due to FIN Flag
2025-12-08 16:00:29 - Forward flow closed due to FIN Flag
2025-12-08 16:00:32 - Forward flow closed due to FIN Flag
2025-12-08 16:00:50 - Forward flow closed due to FIN Flag
2025-12-08 16:00:59 - Forward flow closed due to FIN Flag
2025-12-08 16:01:09 - Forward flow closed due to FIN Flag
2025-12-08 16:01:23 - Forward flow closed due to FIN Flag
2025-12-08 16:01:23 - Forward flow closed due to FIN Flag
2025-12-08 16:01:23 - Forward flow closed due to FIN Flag
2025-12-08 16:01:23 - Forward flow closed due to FIN Flag
2025-12-08 16:01:23 - Forward flow closed due to FIN Flag
2025-12-08 16:01:23 - Forward flow closed due to FIN Flag
2025-12-08 16:01:23 - Forward flow closed due to FIN Flag
2025-12-08 16:01:26 - Forward flow closed due to FIN Flag
2025-12-08 16:01:31 - Forward flow closed due to FIN Flag
2025-12-08 16:01:45 - Forward flow closed due to FIN Flag
2025-12-08 16:01:54 - Forward flow closed due to FIN Flag
2025-12-08 16:01:55 - Forward flow closed due to FIN Flag
2025-12-08 16:01:56 - Forward flow closed due to FIN Flag
2025-12-08 16:01:56 - Forward flow closed due to FIN Flag
2025-12-08 16:01:56 - Forward flow closed due to FIN Flag
2025-12-08 16:01:56 - Forward flow closed due to FIN Flag
2025-12-08 16:01:56 - Forward flow closed due to FIN Flag
2025-12-08 16:01:56 - Forward flow closed due to FIN Flag
2025-12-08 16:01:56 - Forward flow closed due to FIN Flag
2025-12-08 16:01:56 - Forward flow closed due to FIN Flag
2025-12-08 16:01:56 - Forward flow closed due to FIN Flag
2025-12-08 16:01:56 - Forward flow closed due to FIN Flag
2025-12-08 16:01:56 - Forward flow closed due to FIN Flag
2025-12-08 16:01:56 - Forward flow closed due to FIN Flag
2025-12-08 16:01:56 - Forward flow closed due to FIN Flag
2025-12-08 16:01:56 - Forward flow closed due to FIN Flag
2025-12-08 16:01:56 - Forward flow closed due to FIN Flag
2025-12-08 16:01:56 - Forward flow closed due to FIN Flag
2025-12-08 16:01:56 - Forward flow closed due to FIN Flag
2025-12-08 16:01:57 - Forward flow closed due to FIN Flag
2025-12-08 16:01:58 - Forward flow closed due to FIN Flag
2025-12-08 16:01:58 - Forward flow closed due to FIN Flag
2025-12-08 16:01:59 - Forward flow closed due to FIN Flag
2025-12-08 16:01:59 - Forward flow closed due to FIN Flag
2025-12-08 16:01:59 - Forward flow closed due to FIN Flag
2025-12-08 16:02:01 - Forward flow closed due to FIN Flag
2025-12-08 16:02:02 - Forward flow closed due to FIN Flag
2025-12-08 16:02:02 - Forward flow closed due to FIN Flag
2025-12-08 16:02:02 - Forward flow closed due to FIN Flag
2025-12-08 16:02:02 - Forward flow closed due to FIN Flag
2025-12-08 16:02:02 - Forward flow closed due to FIN Flag
2025-12-08 16:02:02 - Forward flow closed due to FIN Flag
2025-12-08 16:02:02 - Forward flow closed due to FIN Flag
2025-12-08 16:02:02 - Forward flow closed due to FIN Flag
2025-12-08 16:02:02 - Forward flow closed due to FIN Flag
2025-12-08 16:02:02 - Forward flow closed due to FIN Flag
2025-12-08 16:02:02 - Forward flow closed due to FIN Flag
2025-12-08 16:02:02 - Forward flow closed due to FIN Flag
2025-12-08 16:02:03 - Forward flow closed due to FIN Flag
2025-12-08 16:02:03 - Forward flow closed due to FIN Flag
2025-12-08 16:02:03 - Forward flow closed due to FIN Flag
2025-12-08 16:02:03 - Forward flow closed due to FIN Flag
2025-12-08 16:02:03 - Forward flow closed due to FIN Flag
2025-12-08 16:02:03 - Forward flow closed due to FIN Flag
2025-12-08 16:02:04 - Forward flow closed due to FIN Flag
2025-12-08 16:02:04 - Forward flow closed due to FIN Flag
2025-12-08 16:02:04 - Forward flow closed due to FIN Flag
2025-12-08 16:02:05 - Forward flow closed due to FIN Flag
2025-12-08 16:02:05 - Forward flow closed due to FIN Flag
2025-12-08 16:02:08 - Forward flow closed due to FIN Flag
2025-12-08 16:02:09 - Forward flow closed due to FIN Flag
2025-12-08 16:02:09 - Forward flow closed due to FIN Flag
2025-12-08 16:02:09 - Forward flow closed due to FIN Flag
2025-12-08 16:02:09 - Forward flow closed due to FIN Flag
2025-12-08 16:02:09 - path:C:\Users\z1395\network_trace_system\CICFlowMeter\target\data\daily\2025-12-08_Flow.csv
2025-12-08 16:02:09 - Pcap stop listening
2025-12-11 13:43:36 - Pcap is listening...
2025-12-11 13:44:44 - path:C:\Users\z1395\network_trace_system\CICFlowMeter\target\data\daily\2025-12-11_Flow.csv
2025-12-11 13:44:45 - path:C:\Users\z1395\network_trace_system\CICFlowMeter\target\data\daily\2025-12-11_Flow.csv
2025-12-11 14:24:01 - Pcap is listening...
2025-12-11 14:24:32 - path:C:\Users\z1395\network_trace_system\CICFlowMeter\target\data\daily\2025-12-11_Flow.csv
2025-12-11 14:24:33 - path:C:\Users\z1395\network_trace_system\CICFlowMeter\target\data\daily\2025-12-11_Flow.csv
2025-12-11 14:24:35 - Pcap is listening...
2025-12-11 14:24:54 - path:C:\Users\z1395\network_trace_system\CICFlowMeter\target\data\daily\2025-12-11_Flow.csv
2025-12-11 14:38:56 - Pcap is listening...
2025-12-11 14:39:54 - path:C:\Users\z1395\network_trace_system\CICFlowMeter\target\data\daily\2025-12-11_Flow.csv
2025-12-11 14:39:55 - path:C:\Users\z1395\network_trace_system\CICFlowMeter\target\data\daily\2025-12-11_Flow.csv
2025-12-12 10:35:54 - Pcap is listening...
2025-12-12 10:37:47 - path:C:\Users\z1395\network_trace_system\CICFlowMeter\target\data\daily\2025-12-12_Flow.csv
2025-12-12 10:51:34 - Pcap is listening...
2025-12-12 10:51:37 - Forward flow closed due to FIN Flag
2025-12-12 10:51:37 - Forward flow closed due to FIN Flag
2025-12-12 10:51:37 - Forward flow closed due to FIN Flag
2025-12-12 10:51:37 - Forward flow received 2 FIN packets
2025-12-12 10:51:48 - Forward flow closed due to FIN Flag
2025-12-12 10:52:16 - Forward flow closed due to FIN Flag
2025-12-12 10:52:18 - Forward flow closed due to FIN Flag
2025-12-12 10:52:31 - Forward flow closed due to FIN Flag
2025-12-12 10:52:36 - Forward flow closed due to FIN Flag
2025-12-12 10:52:37 - Forward flow closed due to FIN Flag
2025-12-12 10:52:50 - Forward flow closed due to FIN Flag
2025-12-12 10:52:50 - Forward flow closed due to FIN Flag
2025-12-12 10:52:50 - Forward flow closed due to FIN Flag
2025-12-12 10:52:50 - Forward flow closed due to FIN Flag
2025-12-12 10:53:00 - Forward flow closed due to FIN Flag
2025-12-12 10:53:00 - Forward flow closed due to FIN Flag
2025-12-12 10:53:00 - Forward flow closed due to FIN Flag
2025-12-12 10:53:00 - Forward flow closed due to FIN Flag
2025-12-12 10:53:00 - Forward flow closed due to FIN Flag
2025-12-12 10:53:18 - Forward flow closed due to FIN Flag
2025-12-12 10:53:20 - Forward flow closed due to FIN Flag
2025-12-12 10:53:28 - Forward flow closed due to FIN Flag
2025-12-12 10:53:28 - Forward flow closed due to FIN Flag
2025-12-12 10:53:52 - Forward flow closed due to FIN Flag
2025-12-12 10:54:04 - Forward flow closed due to FIN Flag
2025-12-12 10:54:05 - Forward flow closed due to FIN Flag
2025-12-12 10:54:11 - Forward flow closed due to FIN Flag
2025-12-12 10:54:21 - Forward flow closed due to FIN Flag
2025-12-12 10:54:38 - Forward flow closed due to FIN Flag
2025-12-12 10:54:38 - Forward flow closed due to FIN Flag
2025-12-12 10:54:38 - Forward flow received 2 FIN packets
2025-12-12 10:54:53 - Forward flow closed due to FIN Flag
2025-12-12 10:54:56 - Forward flow closed due to FIN Flag
2025-12-12 10:55:08 - Forward flow closed due to FIN Flag
2025-12-12 10:55:08 - Forward flow closed due to FIN Flag
2025-12-12 10:55:08 - Forward flow closed due to FIN Flag
2025-12-12 10:55:08 - Forward flow closed due to FIN Flag
2025-12-12 10:55:08 - Forward flow closed due to FIN Flag
2025-12-12 10:55:08 - Forward flow closed due to FIN Flag
2025-12-12 10:55:08 - Forward flow closed due to FIN Flag
2025-12-12 10:55:11 - Forward flow closed due to FIN Flag
2025-12-12 10:55:22 - Forward flow closed due to FIN Flag
2025-12-12 10:55:22 - Forward flow closed due to FIN Flag
2025-12-12 10:55:37 - Forward flow closed due to FIN Flag
2025-12-12 10:55:47 - Forward flow closed due to FIN Flag
2025-12-12 10:55:50 - Forward flow closed due to FIN Flag
2025-12-12 10:55:53 - Forward flow closed due to FIN Flag
2025-12-12 10:56:06 - Forward flow closed due to FIN Flag
2025-12-12 10:56:12 - Forward flow closed due to FIN Flag
2025-12-12 10:56:12 - Forward flow closed due to FIN Flag
2025-12-12 10:56:23 - Forward flow closed due to FIN Flag
2025-12-12 10:56:29 - Forward flow closed due to FIN Flag
2025-12-12 10:56:37 - Forward flow closed due to FIN Flag
2025-12-12 10:56:53 - Forward flow closed due to FIN Flag
2025-12-12 10:56:55 - Forward flow closed due to FIN Flag
2025-12-12 10:57:06 - Forward flow closed due to FIN Flag
2025-12-12 10:57:06 - Forward flow closed due to FIN Flag
2025-12-12 10:57:12 - Forward flow closed due to FIN Flag
2025-12-12 10:57:25 - Forward flow closed due to FIN Flag
2025-12-12 10:57:51 - Forward flow closed due to FIN Flag
2025-12-12 10:57:51 - Forward flow received 2 FIN packets
2025-12-12 10:57:52 - Forward flow received 3 FIN packets
2025-12-12 10:57:55 - Forward flow closed due to FIN Flag
2025-12-12 10:58:24 - Forward flow closed due to FIN Flag
2025-12-12 10:58:25 - Forward flow closed due to FIN Flag
2025-12-12 10:58:47 - Forward flow closed due to FIN Flag
2025-12-12 10:58:55 - Forward flow closed due to FIN Flag
2025-12-12 10:58:55 - Forward flow closed due to FIN Flag
2025-12-12 10:59:27 - Forward flow closed due to FIN Flag
2025-12-12 10:59:56 - Forward flow closed due to FIN Flag
2025-12-12 11:00:27 - Forward flow closed due to FIN Flag
2025-12-12 11:00:32 - Forward flow closed due to FIN Flag
2025-12-12 11:00:49 - Forward flow closed due to FIN Flag
2025-12-12 11:00:55 - Forward flow closed due to FIN Flag
2025-12-12 11:01:14 - Forward flow closed due to FIN Flag
2025-12-12 11:01:29 - Forward flow closed due to FIN Flag
2025-12-12 11:01:47 - Forward flow closed due to FIN Flag
2025-12-12 11:01:57 - Forward flow closed due to FIN Flag
2025-12-12 11:02:09 - Forward flow closed due to FIN Flag
2025-12-12 11:02:27 - Forward flow closed due to FIN Flag
2025-12-12 11:02:31 - Forward flow closed due to FIN Flag
2025-12-12 11:02:31 - Forward flow closed due to FIN Flag
2025-12-12 11:02:43 - Forward flow closed due to FIN Flag
2025-12-12 11:02:43 - Forward flow closed due to FIN Flag
2025-12-12 11:02:43 - Forward flow closed due to FIN Flag
2025-12-12 11:02:43 - Forward flow closed due to FIN Flag
2025-12-12 11:02:43 - Forward flow closed due to FIN Flag
2025-12-12 11:02:43 - Forward flow closed due to FIN Flag
2025-12-12 11:02:43 - Forward flow closed due to FIN Flag
2025-12-12 11:02:43 - Forward flow closed due to FIN Flag
2025-12-12 11:02:43 - Forward flow closed due to FIN Flag
2025-12-12 11:02:43 - Forward flow closed due to FIN Flag
2025-12-12 11:02:43 - Forward flow closed due to FIN Flag
2025-12-12 11:02:43 - Forward flow closed due to FIN Flag
2025-12-12 11:02:43 - Forward flow closed due to FIN Flag
2025-12-12 11:02:43 - Forward flow closed due to FIN Flag
2025-12-12 11:02:43 - Forward flow closed due to FIN Flag
2025-12-12 11:02:43 - Forward flow closed due to FIN Flag
2025-12-12 11:02:43 - Forward flow closed due to FIN Flag
2025-12-12 11:02:46 - path:C:\Users\z1395\network_trace_system\CICFlowMeter\target\data\daily\2025-12-12_Flow.csv
2025-12-12 11:02:48 - Pcap stop listening
2025-12-12 11:14:19 - Pcap is listening...
2025-12-12 11:14:22 - Forward flow closed due to FIN Flag
2025-12-12 11:14:22 - Forward flow closed due to FIN Flag
2025-12-12 11:14:24 - Forward flow closed due to FIN Flag
2025-12-12 11:14:24 - Forward flow closed due to FIN Flag
2025-12-12 11:14:25 - Forward flow closed due to FIN Flag
2025-12-12 11:14:25 - Forward flow closed due to FIN Flag
2025-12-12 11:14:27 - Forward flow closed due to FIN Flag
2025-12-12 11:14:30 - Forward flow received 2 FIN packets
2025-12-12 11:14:40 - Forward flow closed due to FIN Flag
2025-12-12 11:14:44 - Forward flow received 3 FIN packets
2025-12-12 11:14:44 - Forward flow closed due to FIN Flag
2025-12-12 11:15:08 - Forward flow received 4 FIN packets
2025-12-12 11:15:12 - Forward flow closed due to FIN Flag
2025-12-12 11:15:25 - Forward flow closed due to FIN Flag
2025-12-12 11:15:25 - Forward flow closed due to FIN Flag
2025-12-12 11:15:39 - Forward flow closed due to FIN Flag
2025-12-12 11:15:39 - Forward flow closed due to FIN Flag
2025-12-12 11:15:39 - Forward flow closed due to FIN Flag
2025-12-12 11:15:39 - Forward flow closed due to FIN Flag
2025-12-12 11:15:39 - Forward flow closed due to FIN Flag
2025-12-12 11:15:41 - Forward flow closed due to FIN Flag
2025-12-12 11:15:43 - Forward flow closed due to FIN Flag
2025-12-12 11:15:46 - Forward flow closed due to FIN Flag
2025-12-12 11:15:46 - Forward flow closed due to FIN Flag
2025-12-12 11:15:48 - Forward flow closed due to FIN Flag
2025-12-12 11:15:50 - Forward flow closed due to FIN Flag
2025-12-12 11:15:55 - Forward flow received 5 FIN packets
2025-12-12 11:16:03 - Forward flow closed due to FIN Flag
2025-12-12 11:16:11 - Forward flow closed due to FIN Flag
2025-12-12 11:16:11 - Forward flow closed due to FIN Flag
2025-12-12 11:16:12 - Forward flow closed due to FIN Flag
2025-12-12 11:16:12 - Forward flow closed due to FIN Flag
2025-12-12 11:16:12 - Forward flow closed due to FIN Flag
2025-12-12 11:16:17 - Forward flow closed due to FIN Flag
2025-12-12 11:16:35 - Forward flow closed due to FIN Flag
2025-12-12 11:16:42 - Forward flow closed due to FIN Flag
2025-12-12 11:16:45 - Forward flow closed due to FIN Flag
2025-12-12 11:16:49 - Forward flow closed due to FIN Flag
2025-12-12 11:16:49 - Forward flow closed due to FIN Flag
2025-12-12 11:16:49 - Forward flow closed due to FIN Flag
2025-12-12 11:16:49 - Forward flow closed due to FIN Flag
2025-12-12 11:16:52 - Forward flow closed due to FIN Flag
2025-12-12 11:16:54 - Forward flow closed due to FIN Flag
2025-12-12 11:17:13 - Forward flow closed due to FIN Flag
2025-12-12 11:17:13 - Forward flow closed due to FIN Flag
2025-12-12 11:17:17 - Forward flow closed due to FIN Flag
2025-12-12 11:17:17 - Forward flow closed due to FIN Flag
2025-12-12 11:17:27 - Forward flow closed due to FIN Flag
2025-12-12 11:17:40 - Forward flow closed due to FIN Flag
2025-12-12 11:17:40 - Forward flow closed due to FIN Flag
2025-12-12 11:17:40 - Forward flow closed due to FIN Flag
2025-12-12 11:17:41 - Forward flow closed due to FIN Flag
2025-12-12 11:17:41 - Forward flow closed due to FIN Flag
2025-12-12 11:17:42 - Forward flow closed due to FIN Flag
2025-12-12 11:17:42 - Forward flow closed due to FIN Flag
2025-12-12 11:17:42 - Forward flow closed due to FIN Flag
2025-12-12 11:17:42 - Forward flow closed due to FIN Flag
2025-12-12 11:17:43 - Forward flow closed due to FIN Flag
2025-12-12 11:17:43 - Forward flow closed due to FIN Flag
2025-12-12 11:17:43 - Forward flow closed due to FIN Flag
2025-12-12 11:17:45 - Forward flow closed due to FIN Flag
2025-12-12 11:17:45 - Forward flow closed due to FIN Flag
2025-12-12 11:17:45 - Forward flow closed due to FIN Flag
2025-12-12 11:17:45 - Forward flow closed due to FIN Flag
2025-12-12 11:17:48 - Forward flow closed due to FIN Flag
2025-12-12 11:17:48 - Forward flow closed due to FIN Flag
2025-12-12 11:17:49 - Forward flow closed due to FIN Flag
2025-12-12 11:17:49 - Forward flow closed due to FIN Flag
2025-12-12 11:17:49 - Forward flow closed due to FIN Flag
2025-12-12 11:17:49 - Forward flow closed due to FIN Flag
2025-12-12 11:17:50 - Forward flow closed due to FIN Flag
2025-12-12 11:17:50 - Forward flow closed due to FIN Flag
2025-12-12 11:17:54 - Forward flow closed due to FIN Flag
2025-12-12 11:17:54 - Forward flow closed due to FIN Flag
2025-12-12 11:17:54 - Forward flow closed due to FIN Flag
2025-12-12 11:17:54 - Forward flow closed due to FIN Flag
2025-12-12 11:17:54 - Forward flow closed due to FIN Flag
2025-12-12 11:18:00 - Forward flow closed due to FIN Flag
2025-12-12 11:18:11 - Forward flow closed due to FIN Flag
2025-12-12 11:18:14 - Forward flow closed due to FIN Flag
2025-12-12 11:18:22 - Forward flow closed due to FIN Flag
2025-12-12 11:18:25 - Forward flow closed due to FIN Flag
2025-12-12 11:18:38 - Forward flow closed due to FIN Flag
2025-12-12 11:18:40 - Forward flow closed due to FIN Flag
2025-12-12 11:18:42 - Forward flow closed due to FIN Flag
2025-12-12 11:18:43 - Forward flow closed due to FIN Flag
2025-12-12 11:18:43 - Forward flow closed due to FIN Flag
2025-12-12 11:18:46 - Forward flow closed due to FIN Flag
2025-12-12 11:18:46 - Forward flow closed due to FIN Flag
2025-12-12 11:18:49 - Forward flow closed due to FIN Flag
2025-12-12 11:18:49 - Forward flow closed due to FIN Flag
2025-12-12 11:18:55 - Forward flow closed due to FIN Flag
2025-12-12 11:18:55 - Forward flow closed due to FIN Flag
2025-12-12 11:18:55 - Forward flow closed due to FIN Flag
2025-12-12 11:19:01 - Forward flow closed due to FIN Flag
2025-12-12 11:19:02 - Forward flow closed due to FIN Flag
2025-12-12 11:19:10 - Forward flow closed due to FIN Flag
2025-12-12 11:19:15 - Forward flow closed due to FIN Flag
2025-12-12 11:19:29 - Forward flow closed due to FIN Flag
2025-12-12 11:19:29 - Forward flow closed due to FIN Flag
2025-12-12 11:19:29 - Forward flow closed due to FIN Flag
2025-12-12 11:19:29 - Forward flow closed due to FIN Flag
2025-12-12 11:19:29 - Forward flow closed due to FIN Flag
2025-12-12 11:19:29 - Forward flow closed due to FIN Flag
2025-12-12 11:19:41 - Forward flow closed due to FIN Flag
2025-12-12 11:19:41 - Forward flow closed due to FIN Flag
2025-12-12 11:19:45 - Forward flow closed due to FIN Flag
2025-12-12 11:19:49 - Forward flow closed due to FIN Flag
2025-12-12 11:20:16 - Forward flow closed due to FIN Flag
2025-12-12 11:20:32 - Forward flow closed due to FIN Flag
2025-12-12 11:20:40 - Forward flow closed due to FIN Flag
2025-12-12 11:20:44 - Forward flow closed due to FIN Flag
2025-12-12 11:20:47 - Forward flow closed due to FIN Flag
2025-12-12 11:20:47 - Forward flow closed due to FIN Flag
2025-12-12 11:20:49 - Forward flow closed due to FIN Flag
2025-12-12 11:21:14 - Forward flow closed due to FIN Flag
2025-12-12 11:21:18 - Forward flow closed due to FIN Flag
2025-12-12 11:21:47 - Forward flow closed due to FIN Flag
2025-12-12 11:21:49 - Forward flow closed due to FIN Flag
2025-12-12 11:21:49 - Forward flow closed due to FIN Flag
2025-12-12 11:22:18 - Forward flow closed due to FIN Flag
2025-12-12 11:22:41 - Forward flow closed due to FIN Flag
2025-12-12 11:22:49 - Forward flow closed due to FIN Flag
2025-12-12 11:22:50 - Forward flow closed due to FIN Flag
2025-12-12 11:23:20 - Forward flow closed due to FIN Flag
2025-12-12 11:23:27 - Forward flow closed due to FIN Flag
2025-12-12 11:23:40 - Forward flow closed due to FIN Flag
2025-12-12 11:23:43 - Forward flow closed due to FIN Flag
2025-12-12 11:23:50 - Forward flow closed due to FIN Flag
2025-12-12 11:23:50 - Forward flow closed due to FIN Flag
2025-12-12 11:24:20 - Forward flow closed due to FIN Flag
2025-12-12 11:24:25 - Forward flow closed due to FIN Flag
2025-12-12 11:24:25 - Forward flow closed due to FIN Flag
2025-12-12 11:24:29 - Forward flow closed due to FIN Flag
2025-12-12 11:24:29 - Forward flow closed due to FIN Flag
2025-12-12 11:24:41 - Forward flow closed due to FIN Flag
2025-12-12 11:24:50 - Forward flow closed due to FIN Flag
2025-12-12 11:24:50 - Forward flow closed due to FIN Flag
2025-12-12 11:24:57 - Forward flow closed due to FIN Flag
2025-12-12 11:25:22 - Forward flow closed due to FIN Flag
2025-12-12 11:25:40 - Forward flow closed due to FIN Flag
2025-12-12 11:25:43 - Forward flow closed due to FIN Flag
2025-12-12 11:25:43 - Forward flow closed due to FIN Flag
2025-12-12 11:25:49 - Forward flow closed due to FIN Flag
2025-12-12 11:25:50 - Forward flow closed due to FIN Flag
2025-12-12 11:25:53 - Forward flow closed due to FIN Flag
2025-12-12 11:26:01 - Forward flow closed due to FIN Flag
2025-12-12 11:26:11 - Forward flow closed due to FIN Flag
2025-12-12 11:26:13 - Forward flow closed due to FIN Flag
2025-12-12 11:26:24 - Forward flow closed due to FIN Flag
2025-12-12 11:26:37 - Forward flow closed due to FIN Flag
2025-12-12 11:26:40 - Forward flow closed due to FIN Flag
2025-12-12 11:26:45 - Forward flow closed due to FIN Flag
2025-12-12 11:26:49 - Forward flow closed due to FIN Flag
2025-12-12 11:26:56 - Forward flow closed due to FIN Flag
2025-12-12 11:26:57 - Forward flow closed due to FIN Flag
2025-12-12 11:26:58 - Forward flow closed due to FIN Flag
2025-12-12 11:26:58 - Forward flow closed due to FIN Flag
2025-12-12 11:26:58 - Forward flow closed due to FIN Flag
2025-12-12 11:27:03 - Forward flow closed due to FIN Flag
2025-12-12 11:27:03 - Forward flow closed due to FIN Flag
2025-12-12 11:27:13 - Forward flow closed due to FIN Flag
2025-12-12 11:27:26 - Forward flow closed due to FIN Flag
2025-12-12 11:27:26 - Forward flow closed due to FIN Flag
2025-12-12 11:27:26 - Forward flow closed due to FIN Flag
2025-12-12 11:27:32 - Forward flow closed due to FIN Flag
2025-12-12 11:27:38 - Forward flow closed due to FIN Flag
2025-12-12 11:27:38 - Forward flow closed due to FIN Flag
2025-12-12 11:27:40 - Forward flow closed due to FIN Flag
2025-12-12 11:27:40 - Forward flow closed due to FIN Flag
2025-12-12 11:27:50 - Forward flow closed due to FIN Flag
2025-12-12 11:27:50 - Forward flow closed due to FIN Flag
2025-12-12 11:27:53 - Forward flow closed due to FIN Flag
2025-12-12 11:27:53 - Forward flow closed due to FIN Flag
2025-12-12 11:27:53 - Forward flow closed due to FIN Flag
2025-12-12 11:27:53 - Forward flow closed due to FIN Flag
2025-12-12 11:27:53 - Forward flow closed due to FIN Flag
2025-12-12 11:27:53 - Forward flow closed due to FIN Flag
2025-12-12 11:27:53 - Forward flow closed due to FIN Flag
2025-12-12 11:27:54 - Forward flow closed due to FIN Flag
2025-12-12 11:27:58 - Forward flow closed due to FIN Flag
2025-12-12 11:27:58 - Forward flow closed due to FIN Flag
2025-12-12 11:27:58 - Forward flow closed due to FIN Flag
2025-12-12 11:27:58 - Forward flow closed due to FIN Flag
2025-12-12 11:27:59 - Forward flow closed due to FIN Flag
2025-12-12 11:27:59 - Forward flow closed due to FIN Flag
2025-12-12 11:27:59 - Forward flow closed due to FIN Flag
2025-12-12 11:27:59 - Forward flow closed due to FIN Flag
2025-12-12 11:27:59 - Forward flow closed due to FIN Flag
2025-12-12 11:27:59 - Forward flow closed due to FIN Flag
2025-12-12 11:27:59 - Forward flow closed due to FIN Flag
2025-12-12 11:28:00 - Forward flow closed due to FIN Flag
2025-12-12 11:28:00 - Forward flow closed due to FIN Flag
2025-12-12 11:28:00 - Forward flow closed due to FIN Flag
2025-12-12 11:28:03 - Forward flow closed due to FIN Flag
2025-12-12 11:28:03 - Forward flow closed due to FIN Flag
2025-12-12 11:28:03 - Forward flow closed due to FIN Flag
2025-12-12 11:28:03 - Forward flow closed due to FIN Flag
2025-12-12 11:28:04 - Forward flow closed due to FIN Flag
2025-12-12 11:28:04 - Forward flow closed due to FIN Flag
2025-12-12 11:28:04 - Forward flow closed due to FIN Flag
2025-12-12 11:28:04 - Forward flow closed due to FIN Flag
2025-12-12 11:28:09 - Forward flow closed due to FIN Flag
2025-12-12 11:28:09 - Forward flow closed due to FIN Flag
2025-12-12 11:28:09 - Forward flow closed due to FIN Flag
2025-12-12 11:28:09 - Forward flow closed due to FIN Flag
2025-12-12 11:28:11 - Forward flow closed due to FIN Flag
2025-12-12 11:28:11 - Forward flow closed due to FIN Flag
2025-12-12 11:28:11 - Forward flow closed due to FIN Flag
2025-12-12 11:28:11 - Forward flow closed due to FIN Flag
2025-12-12 11:28:11 - Forward flow closed due to FIN Flag
2025-12-12 11:28:11 - Forward flow closed due to FIN Flag
2025-12-12 11:28:11 - Forward flow closed due to FIN Flag
2025-12-12 11:28:11 - Forward flow closed due to FIN Flag
2025-12-12 11:28:11 - Forward flow closed due to FIN Flag
2025-12-12 11:28:11 - Forward flow closed due to FIN Flag
2025-12-12 11:28:12 - Forward flow closed due to FIN Flag
2025-12-12 11:28:23 - path:C:\Users\z1395\network_trace_system\CICFlowMeter\target\data\daily\2025-12-12_Flow.csv
2025-12-12 11:28:23 - Pcap stop listening
2025-12-12 12:32:01 - Pcap is listening...
2025-12-12 12:32:03 - Forward flow closed due to FIN Flag
2025-12-12 12:32:08 - Forward flow closed due to FIN Flag
2025-12-12 12:32:09 - Forward flow closed due to FIN Flag
2025-12-12 12:32:25 - Forward flow closed due to FIN Flag
2025-12-12 12:32:27 - Forward flow closed due to FIN Flag
2025-12-12 12:32:27 - Forward flow closed due to FIN Flag
2025-12-12 12:32:27 - Forward flow closed due to FIN Flag
2025-12-12 12:32:27 - Forward flow closed due to FIN Flag
2025-12-12 12:32:29 - Forward flow closed due to FIN Flag
2025-12-12 12:32:29 - Forward flow closed due to FIN Flag
2025-12-12 12:32:29 - Forward flow closed due to FIN Flag
2025-12-12 12:32:29 - Forward flow closed due to FIN Flag
2025-12-12 12:32:29 - Forward flow closed due to FIN Flag
2025-12-12 12:32:31 - Forward flow closed due to FIN Flag
2025-12-12 12:32:31 - Forward flow closed due to FIN Flag
2025-12-12 12:32:31 - Forward flow closed due to FIN Flag
2025-12-12 12:32:31 - Forward flow closed due to FIN Flag
2025-12-12 12:32:31 - Forward flow closed due to FIN Flag
2025-12-12 12:32:31 - Forward flow closed due to FIN Flag
2025-12-12 12:32:31 - Forward flow closed due to FIN Flag
2025-12-12 12:32:31 - Forward flow closed due to FIN Flag
2025-12-12 12:32:31 - Forward flow closed due to FIN Flag
2025-12-12 12:32:31 - Forward flow closed due to FIN Flag
2025-12-12 12:32:31 - Forward flow closed due to FIN Flag
2025-12-12 12:32:31 - Forward flow closed due to FIN Flag
2025-12-12 12:32:31 - Forward flow closed due to FIN Flag
2025-12-12 12:32:31 - Forward flow closed due to FIN Flag
2025-12-12 12:32:31 - Forward flow closed due to FIN Flag
2025-12-12 12:32:31 - Forward flow closed due to FIN Flag
2025-12-12 12:32:31 - Forward flow closed due to FIN Flag
2025-12-12 12:32:31 - Forward flow closed due to FIN Flag
2025-12-12 12:32:31 - Forward flow closed due to FIN Flag
2025-12-12 12:32:31 - Forward flow closed due to FIN Flag
2025-12-12 12:32:31 - Forward flow closed due to FIN Flag
2025-12-12 12:32:31 - Forward flow closed due to FIN Flag
2025-12-12 12:32:31 - Forward flow closed due to FIN Flag
2025-12-12 12:32:32 - Forward flow closed due to FIN Flag
2025-12-12 12:32:32 - Forward flow received 2 FIN packets
2025-12-12 12:32:33 - path:C:\Users\z1395\network_trace_system\CICFlowMeter\target\data\daily\2025-12-12_Flow.csv
2025-12-12 12:32:33 - Pcap stop listening
2025-12-12 12:37:19 - Pcap is listening...
2025-12-12 12:38:14 - path:C:\Users\z1395\network_trace_system\CICFlowMeter\target\data\daily\2025-12-12_Flow.csv
2025-12-12 12:38:15 - path:C:\Users\z1395\network_trace_system\CICFlowMeter\target\data\daily\2025-12-12_Flow.csv
2025-12-12 12:38:18 - Pcap is listening...
2025-12-12 12:38:27 - path:C:\Users\z1395\network_trace_system\CICFlowMeter\target\data\daily\2025-12-12_Flow.csv
2025-12-12 14:45:17 - Pcap is listening...
2025-12-12 14:45:56 - path:C:\Users\z1395\network_trace_system\CICFlowMeter\target\data\daily\2025-12-12_Flow.csv
2025-12-12 14:45:57 - Pcap is listening...
2025-12-12 14:45:58 - path:C:\Users\z1395\network_trace_system\CICFlowMeter\target\data\daily\2025-12-12_Flow.csv
2025-12-12 14:46:00 - Pcap is listening...
