2025-12-14 11:19:48 DEBUG swing.common.SwingUtils    C:\Users\z1395\network_trace_system\src\logs (拒绝访问。)
2025-12-14 11:19:48 DEBUG swing.common.SwingUtils    C:\Users\z1395\network_trace_system\src\__pycache__ (拒绝访问。)
2025-12-14 11:20:26 DEBUG cic.cs.unb.ca.flow.ui.FlowOfflinePane    offline select input C:\Users\z1395\network_trace_system\catched_data\capture_20251214_111846.pcap
2025-12-14 11:20:49 DEBUG cic.cs.unb.ca.flow.ui.FlowOfflinePane    offline select output C:\Users\z1395\network_trace_system\CICFlowMeter\target\data\daily
2025-12-14 11:20:50 DEBUG cic.cs.unb.ca.jnetpcap.worker.ReadPcapFileWorker    Working on... C:\Users\z1395\network_trace_system\catched_data\capture_20251214_111846.pcap
2025-12-14 11:20:50 INFO  cic.cs.unb.ca.jnetpcap.FlowGenerator    Forward flow closed due to FIN Flag
2025-12-14 11:20:50 INFO  cic.cs.unb.ca.jnetpcap.FlowGenerator    Forward flow closed due to FIN Flag
2025-12-14 11:20:50 INFO  cic.cs.unb.ca.jnetpcap.FlowGenerator    Forward flow closed due to FIN Flag
2025-12-14 11:20:50 DEBUG cic.cs.unb.ca.jnetpcap.FlowGenerator    FlagRST current has 64 flow
2025-12-14 11:20:50 DEBUG cic.cs.unb.ca.jnetpcap.FlowGenerator    FlagRST current has 69 flow
2025-12-14 11:20:50 DEBUG cic.cs.unb.ca.jnetpcap.FlowGenerator    FlagRST current has 69 flow
2025-12-14 11:20:50 DEBUG cic.cs.unb.ca.jnetpcap.FlowGenerator    FlagRST current has 69 flow
2025-12-14 11:20:50 DEBUG cic.cs.unb.ca.jnetpcap.FlowGenerator    FlagRST current has 72 flow
2025-12-14 11:20:50 INFO  cic.cs.unb.ca.jnetpcap.FlowGenerator    Forward flow closed due to FIN Flag
2025-12-14 11:20:50 DEBUG cic.cs.unb.ca.jnetpcap.FlowGenerator    FlagFIN current has 71 flow
2025-12-14 11:20:50 DEBUG cic.cs.unb.ca.jnetpcap.FlowGenerator    FlagFIN current has 71 flow
2025-12-14 11:20:50 DEBUG cic.cs.unb.ca.jnetpcap.FlowGenerator    FlagRST current has 139 flow
2025-12-14 11:20:50 DEBUG cic.cs.unb.ca.jnetpcap.FlowGenerator    FlagRST current has 138 flow
2025-12-14 11:20:50 DEBUG cic.cs.unb.ca.jnetpcap.FlowGenerator    FlagRST current has 139 flow
2025-12-14 11:20:50 DEBUG cic.cs.unb.ca.jnetpcap.FlowGenerator    FlagRST current has 296 flow
2025-12-14 11:20:50 DEBUG cic.cs.unb.ca.jnetpcap.FlowGenerator    FlagRST current has 295 flow
2025-12-14 11:20:50 DEBUG cic.cs.unb.ca.jnetpcap.FlowGenerator    FlagRST current has 294 flow
2025-12-14 11:20:50 DEBUG cic.cs.unb.ca.jnetpcap.FlowGenerator    FlagFIN current has 294 flow
2025-12-14 11:20:50 INFO  cic.cs.unb.ca.jnetpcap.FlowGenerator    Forward flow closed due to FIN Flag
2025-12-14 11:20:50 DEBUG cic.cs.unb.ca.jnetpcap.FlowGenerator    FlagFIN current has 299 flow
2025-12-14 11:20:50 DEBUG cic.cs.unb.ca.jnetpcap.FlowGenerator    FlagFIN current has 299 flow
2025-12-14 11:20:50 DEBUG cic.cs.unb.ca.jnetpcap.FlowGenerator    FlagRST current has 299 flow
2025-12-14 11:20:50 INFO  cic.cs.unb.ca.jnetpcap.FlowGenerator    Forward flow closed due to FIN Flag
2025-12-14 11:20:50 INFO  cic.cs.unb.ca.jnetpcap.FlowGenerator    Forward flow closed due to FIN Flag
2025-12-14 11:20:50 INFO  cic.cs.unb.ca.jnetpcap.FlowGenerator    Forward flow closed due to FIN Flag
2025-12-14 11:20:50 DEBUG cic.cs.unb.ca.jnetpcap.FlowGenerator    FlagRST current has 305 flow
2025-12-14 11:20:50 DEBUG cic.cs.unb.ca.jnetpcap.FlowGenerator    FlagRST current has 305 flow
2025-12-14 11:20:50 DEBUG cic.cs.unb.ca.jnetpcap.FlowGenerator    FlagRST current has 305 flow
2025-12-14 11:20:50 DEBUG cic.cs.unb.ca.jnetpcap.FlowGenerator    FlagRST current has 304 flow
2025-12-14 11:20:50 DEBUG cic.cs.unb.ca.jnetpcap.FlowGenerator    FlagRST current has 304 flow
2025-12-14 11:20:50 DEBUG cic.cs.unb.ca.jnetpcap.FlowGenerator    FlagFIN current has 307 flow
2025-12-14 11:20:50 DEBUG cic.cs.unb.ca.jnetpcap.FlowGenerator    FlagRST current has 308 flow
2025-12-14 11:20:50 DEBUG cic.cs.unb.ca.jnetpcap.FlowGenerator    FlagRST current has 308 flow
2025-12-14 11:20:50 INFO  cic.cs.unb.ca.jnetpcap.FlowGenerator    Forward flow closed due to FIN Flag
2025-12-14 11:20:50 INFO  cic.cs.unb.ca.jnetpcap.FlowGenerator    Forward flow closed due to FIN Flag
2025-12-14 11:20:50 INFO  cic.cs.unb.ca.jnetpcap.FlowGenerator    Forward flow closed due to FIN Flag
2025-12-14 11:20:50 INFO  cic.cs.unb.ca.jnetpcap.FlowGenerator    Forward flow closed due to FIN Flag
2025-12-14 11:20:50 INFO  cic.cs.unb.ca.jnetpcap.FlowGenerator    Forward flow closed due to FIN Flag
2025-12-14 11:20:50 DEBUG cic.cs.unb.ca.jnetpcap.FlowGenerator    FlagRST current has 332 flow
2025-12-14 11:20:50 DEBUG cic.cs.unb.ca.jnetpcap.FlowGenerator    FlagRST current has 332 flow
2025-12-14 11:20:50 DEBUG cic.cs.unb.ca.jnetpcap.FlowGenerator    FlagRST current has 331 flow
2025-12-14 11:20:50 DEBUG cic.cs.unb.ca.jnetpcap.FlowGenerator    FlagRST current has 331 flow
2025-12-14 11:20:50 DEBUG cic.cs.unb.ca.jnetpcap.FlowGenerator    FlagRST current has 330 flow
2025-12-14 11:20:50 DEBUG cic.cs.unb.ca.jnetpcap.FlowGenerator    FlagRST current has 330 flow
2025-12-14 11:20:50 DEBUG cic.cs.unb.ca.jnetpcap.FlowGenerator    FlagRST current has 329 flow
2025-12-14 11:20:50 DEBUG cic.cs.unb.ca.jnetpcap.FlowGenerator    FlagRST current has 329 flow
2025-12-14 11:20:50 DEBUG cic.cs.unb.ca.jnetpcap.FlowGenerator    FlagRST current has 329 flow
2025-12-14 11:20:50 DEBUG cic.cs.unb.ca.jnetpcap.FlowGenerator    FlagRST current has 328 flow
2025-12-14 11:20:50 DEBUG cic.cs.unb.ca.jnetpcap.FlowGenerator    FlagRST current has 328 flow
2025-12-14 11:20:50 DEBUG cic.cs.unb.ca.jnetpcap.FlowGenerator    FlagRST current has 328 flow
2025-12-14 11:20:50 DEBUG cic.cs.unb.ca.jnetpcap.FlowGenerator    FlagRST current has 328 flow
2025-12-14 11:20:50 DEBUG cic.cs.unb.ca.jnetpcap.FlowGenerator    FlagRST current has 328 flow
2025-12-14 11:20:50 DEBUG cic.cs.unb.ca.jnetpcap.FlowGenerator    FlagRST current has 328 flow
2025-12-14 11:20:50 DEBUG cic.cs.unb.ca.jnetpcap.FlowGenerator    FlagRST current has 360 flow
2025-12-14 11:20:50 INFO  cic.cs.unb.ca.jnetpcap.FlowGenerator    Forward flow closed due to FIN Flag
2025-12-14 11:20:50 DEBUG cic.cs.unb.ca.jnetpcap.FlowGenerator    FlagFIN current has 383 flow
2025-12-14 11:20:50 DEBUG cic.cs.unb.ca.jnetpcap.FlowGenerator    FlagFIN current has 384 flow
2025-12-14 11:20:50 DEBUG cic.cs.unb.ca.jnetpcap.FlowGenerator    FlagFIN current has 386 flow
2025-12-14 11:20:50 DEBUG cic.cs.unb.ca.jnetpcap.FlowGenerator    FlagFIN current has 386 flow
2025-12-14 11:20:50 DEBUG cic.cs.unb.ca.jnetpcap.FlowGenerator    FlagFIN current has 386 flow
2025-12-14 11:20:50 DEBUG cic.cs.unb.ca.jnetpcap.FlowGenerator    FlagFIN current has 386 flow
2025-12-14 11:20:50 DEBUG cic.cs.unb.ca.jnetpcap.FlowGenerator    FlagFIN current has 386 flow
2025-12-14 11:20:50 DEBUG cic.cs.unb.ca.jnetpcap.FlowGenerator    FlagFIN current has 390 flow
2025-12-14 11:20:51 DEBUG cic.cs.unb.ca.jnetpcap.FlowGenerator    FlagFIN current has 410 flow
2025-12-14 11:20:51 INFO  cic.cs.unb.ca.jnetpcap.FlowGenerator    Forward flow closed due to FIN Flag
2025-12-14 11:20:51 DEBUG cic.cs.unb.ca.jnetpcap.FlowGenerator    FlagRST current has 410 flow
2025-12-14 11:20:51 DEBUG cic.cs.unb.ca.jnetpcap.FlowGenerator    FlagFIN current has 413 flow
2025-12-14 11:20:51 DEBUG cic.cs.unb.ca.jnetpcap.FlowGenerator    FlagFIN current has 413 flow
2025-12-14 11:20:51 DEBUG cic.cs.unb.ca.jnetpcap.FlowGenerator    FlagFIN current has 413 flow
2025-12-14 11:20:51 DEBUG cic.cs.unb.ca.jnetpcap.FlowGenerator    FlagFIN current has 413 flow
2025-12-14 11:20:51 DEBUG cic.cs.unb.ca.jnetpcap.FlowGenerator    FlagFIN current has 413 flow
2025-12-14 11:20:51 INFO  cic.cs.unb.ca.jnetpcap.FlowGenerator    Forward flow closed due to FIN Flag
2025-12-14 11:20:51 WARN  cic.cs.unb.ca.jnetpcap.FlowGenerator    Forward flow received 2 FIN packets
2025-12-14 11:20:51 DEBUG cic.cs.unb.ca.jnetpcap.FlowGenerator    FlagRST current has 413 flow
2025-12-14 11:20:51 INFO  cic.cs.unb.ca.jnetpcap.FlowGenerator    Forward flow closed due to FIN Flag
2025-12-14 11:20:51 DEBUG cic.cs.unb.ca.jnetpcap.FlowGenerator    FlagFIN current has 432 flow
2025-12-14 11:20:51 INFO  cic.cs.unb.ca.jnetpcap.FlowGenerator    Forward flow closed due to FIN Flag
2025-12-14 11:20:51 DEBUG cic.cs.unb.ca.jnetpcap.FlowGenerator    FlagRST current has 444 flow
2025-12-14 11:20:51 DEBUG cic.cs.unb.ca.jnetpcap.PacketReader    Read All packets on C:\Users\z1395\network_trace_system\catched_data\capture_20251214_111846.pcap
