2025-12-13 12:48:13 DEBUG swing.common.SwingUtils    C:\Users\z1395\network_trace_system\src\logs (拒绝访问。)
2025-12-13 12:48:13 DEBUG swing.common.SwingUtils    C:\Users\z1395\network_trace_system\src\__pycache__ (拒绝访问。)
2025-12-13 12:48:27 DEBUG cic.cs.unb.ca.flow.ui.FlowOfflinePane    offline select input C:\Users\z1395\network_trace_system\catched_data\capture_20251213_124709.pcap
2025-12-13 12:48:42 DEBUG cic.cs.unb.ca.flow.ui.FlowOfflinePane    offline select output C:\Users\z1395\network_trace_system\CICFlowMeter\target\data\daily
2025-12-13 12:48:43 DEBUG cic.cs.unb.ca.jnetpcap.worker.ReadPcapFileWorker    Working on... C:\Users\z1395\network_trace_system\catched_data\capture_20251213_124709.pcap
2025-12-13 12:48:43 DEBUG cic.cs.unb.ca.jnetpcap.FlowGenerator    FlagRST current has 47 flow
2025-12-13 12:48:43 DEBUG cic.cs.unb.ca.jnetpcap.FlowGenerator    FlagRST current has 84 flow
2025-12-13 12:48:43 DEBUG cic.cs.unb.ca.jnetpcap.FlowGenerator    FlagRST current has 112 flow
2025-12-13 12:48:43 DEBUG cic.cs.unb.ca.jnetpcap.FlowGenerator    FlagRST current has 143 flow
2025-12-13 12:48:43 INFO  cic.cs.unb.ca.jnetpcap.FlowGenerator    Forward flow closed due to FIN Flag
2025-12-13 12:48:43 DEBUG cic.cs.unb.ca.jnetpcap.FlowGenerator    FlagFIN current has 1839 flow
2025-12-13 12:48:43 DEBUG cic.cs.unb.ca.jnetpcap.FlowGenerator    FlagFIN current has 2204 flow
2025-12-13 12:48:43 INFO  cic.cs.unb.ca.jnetpcap.FlowGenerator    Forward flow closed due to FIN Flag
2025-12-13 12:48:43 INFO  cic.cs.unb.ca.jnetpcap.FlowGenerator    Forward flow closed due to FIN Flag
2025-12-13 12:48:43 DEBUG cic.cs.unb.ca.jnetpcap.FlowGenerator    FlagFIN current has 3022 flow
2025-12-13 12:48:43 DEBUG cic.cs.unb.ca.jnetpcap.FlowGenerator    FlagRST current has 3422 flow
2025-12-13 12:48:43 DEBUG cic.cs.unb.ca.jnetpcap.FlowGenerator    FlagRST current has 3429 flow
2025-12-13 12:48:43 DEBUG cic.cs.unb.ca.jnetpcap.FlowGenerator    FlagFIN current has 3489 flow
2025-12-13 12:48:43 INFO  cic.cs.unb.ca.jnetpcap.FlowGenerator    Forward flow closed due to FIN Flag
2025-12-13 12:48:43 DEBUG cic.cs.unb.ca.jnetpcap.FlowGenerator    FlagRST current has 3490 flow
2025-12-13 12:48:43 INFO  cic.cs.unb.ca.jnetpcap.FlowGenerator    Forward flow closed due to FIN Flag
2025-12-13 12:48:43 DEBUG cic.cs.unb.ca.jnetpcap.FlowGenerator    FlagFIN current has 3682 flow
2025-12-13 12:48:43 INFO  cic.cs.unb.ca.jnetpcap.FlowGenerator    Forward flow closed due to FIN Flag
2025-12-13 12:48:43 INFO  cic.cs.unb.ca.jnetpcap.FlowGenerator    Forward flow closed due to FIN Flag
2025-12-13 12:48:43 INFO  cic.cs.unb.ca.jnetpcap.FlowGenerator    Forward flow closed due to FIN Flag
2025-12-13 12:48:43 INFO  cic.cs.unb.ca.jnetpcap.FlowGenerator    Forward flow closed due to FIN Flag
2025-12-13 12:48:43 INFO  cic.cs.unb.ca.jnetpcap.FlowGenerator    Forward flow closed due to FIN Flag
2025-12-13 12:48:43 INFO  cic.cs.unb.ca.jnetpcap.FlowGenerator    Forward flow closed due to FIN Flag
2025-12-13 12:48:43 INFO  cic.cs.unb.ca.jnetpcap.FlowGenerator    Forward flow closed due to FIN Flag
2025-12-13 12:48:43 INFO  cic.cs.unb.ca.jnetpcap.FlowGenerator    Forward flow closed due to FIN Flag
2025-12-13 12:48:43 INFO  cic.cs.unb.ca.jnetpcap.FlowGenerator    Forward flow closed due to FIN Flag
2025-12-13 12:48:43 INFO  cic.cs.unb.ca.jnetpcap.FlowGenerator    Forward flow closed due to FIN Flag
2025-12-13 12:48:43 INFO  cic.cs.unb.ca.jnetpcap.FlowGenerator    Forward flow closed due to FIN Flag
2025-12-13 12:48:43 INFO  cic.cs.unb.ca.jnetpcap.FlowGenerator    Forward flow closed due to FIN Flag
2025-12-13 12:48:43 INFO  cic.cs.unb.ca.jnetpcap.FlowGenerator    Forward flow closed due to FIN Flag
2025-12-13 12:48:43 INFO  cic.cs.unb.ca.jnetpcap.FlowGenerator    Forward flow closed due to FIN Flag
2025-12-13 12:48:43 INFO  cic.cs.unb.ca.jnetpcap.FlowGenerator    Forward flow closed due to FIN Flag
2025-12-13 12:48:43 INFO  cic.cs.unb.ca.jnetpcap.FlowGenerator    Forward flow closed due to FIN Flag
2025-12-13 12:48:43 INFO  cic.cs.unb.ca.jnetpcap.FlowGenerator    Forward flow closed due to FIN Flag
2025-12-13 12:48:43 INFO  cic.cs.unb.ca.jnetpcap.FlowGenerator    Forward flow closed due to FIN Flag
2025-12-13 12:48:43 INFO  cic.cs.unb.ca.jnetpcap.FlowGenerator    Forward flow closed due to FIN Flag
2025-12-13 12:48:43 INFO  cic.cs.unb.ca.jnetpcap.FlowGenerator    Forward flow closed due to FIN Flag
2025-12-13 12:48:43 INFO  cic.cs.unb.ca.jnetpcap.FlowGenerator    Forward flow closed due to FIN Flag
2025-12-13 12:48:43 INFO  cic.cs.unb.ca.jnetpcap.FlowGenerator    Forward flow closed due to FIN Flag
2025-12-13 12:48:43 INFO  cic.cs.unb.ca.jnetpcap.FlowGenerator    Forward flow closed due to FIN Flag
2025-12-13 12:48:43 INFO  cic.cs.unb.ca.jnetpcap.FlowGenerator    Forward flow closed due to FIN Flag
2025-12-13 12:48:43 INFO  cic.cs.unb.ca.jnetpcap.FlowGenerator    Forward flow closed due to FIN Flag
2025-12-13 12:48:43 DEBUG cic.cs.unb.ca.jnetpcap.FlowGenerator    FlagFIN current has 3859 flow
2025-12-13 12:48:43 DEBUG cic.cs.unb.ca.jnetpcap.FlowGenerator    FlagFIN current has 3859 flow
2025-12-13 12:48:43 DEBUG cic.cs.unb.ca.jnetpcap.FlowGenerator    FlagFIN current has 3859 flow
2025-12-13 12:48:43 DEBUG cic.cs.unb.ca.jnetpcap.FlowGenerator    FlagFIN current has 3859 flow
2025-12-13 12:48:43 DEBUG cic.cs.unb.ca.jnetpcap.FlowGenerator    FlagFIN current has 3859 flow
2025-12-13 12:48:43 DEBUG cic.cs.unb.ca.jnetpcap.FlowGenerator    FlagFIN current has 3859 flow
2025-12-13 12:48:43 DEBUG cic.cs.unb.ca.jnetpcap.FlowGenerator    FlagFIN current has 3859 flow
2025-12-13 12:48:43 DEBUG cic.cs.unb.ca.jnetpcap.FlowGenerator    FlagFIN current has 3859 flow
2025-12-13 12:48:43 DEBUG cic.cs.unb.ca.jnetpcap.FlowGenerator    FlagFIN current has 3859 flow
2025-12-13 12:48:43 DEBUG cic.cs.unb.ca.jnetpcap.FlowGenerator    FlagFIN current has 3859 flow
2025-12-13 12:48:43 DEBUG cic.cs.unb.ca.jnetpcap.FlowGenerator    FlagFIN current has 3861 flow
2025-12-13 12:48:43 DEBUG cic.cs.unb.ca.jnetpcap.FlowGenerator    FlagFIN current has 3867 flow
2025-12-13 12:48:43 DEBUG cic.cs.unb.ca.jnetpcap.FlowGenerator    FlagFIN current has 3867 flow
2025-12-13 12:48:43 DEBUG cic.cs.unb.ca.jnetpcap.FlowGenerator    FlagFIN current has 3867 flow
2025-12-13 12:48:43 DEBUG cic.cs.unb.ca.jnetpcap.FlowGenerator    FlagFIN current has 3867 flow
2025-12-13 12:48:43 DEBUG cic.cs.unb.ca.jnetpcap.FlowGenerator    FlagFIN current has 3867 flow
2025-12-13 12:48:43 DEBUG cic.cs.unb.ca.jnetpcap.FlowGenerator    FlagRST current has 3867 flow
2025-12-13 12:48:43 DEBUG cic.cs.unb.ca.jnetpcap.FlowGenerator    FlagRST current has 3866 flow
2025-12-13 12:48:43 DEBUG cic.cs.unb.ca.jnetpcap.FlowGenerator    FlagRST current has 3866 flow
2025-12-13 12:48:43 DEBUG cic.cs.unb.ca.jnetpcap.FlowGenerator    FlagRST current has 3865 flow
2025-12-13 12:48:43 DEBUG cic.cs.unb.ca.jnetpcap.FlowGenerator    FlagRST current has 3865 flow
2025-12-13 12:48:43 DEBUG cic.cs.unb.ca.jnetpcap.FlowGenerator    FlagRST current has 3864 flow
2025-12-13 12:48:43 DEBUG cic.cs.unb.ca.jnetpcap.FlowGenerator    FlagFIN current has 3864 flow
2025-12-13 12:48:43 DEBUG cic.cs.unb.ca.jnetpcap.FlowGenerator    FlagRST current has 3864 flow
2025-12-13 12:48:43 DEBUG cic.cs.unb.ca.jnetpcap.FlowGenerator    FlagFIN current has 3863 flow
2025-12-13 12:48:43 DEBUG cic.cs.unb.ca.jnetpcap.FlowGenerator    FlagFIN current has 3863 flow
2025-12-13 12:48:43 DEBUG cic.cs.unb.ca.jnetpcap.FlowGenerator    FlagRST current has 3864 flow
2025-12-13 12:48:43 DEBUG cic.cs.unb.ca.jnetpcap.FlowGenerator    FlagRST current has 3864 flow
2025-12-13 12:48:43 DEBUG cic.cs.unb.ca.jnetpcap.FlowGenerator    FlagRST current has 3863 flow
2025-12-13 12:48:43 WARN  cic.cs.unb.ca.jnetpcap.FlowGenerator    Forward flow received 2 FIN packets
2025-12-13 12:48:43 DEBUG cic.cs.unb.ca.jnetpcap.FlowGenerator    FlagFIN current has 3864 flow
2025-12-13 12:48:43 DEBUG cic.cs.unb.ca.jnetpcap.FlowGenerator    FlagFIN current has 3879 flow
2025-12-13 12:48:43 INFO  cic.cs.unb.ca.jnetpcap.FlowGenerator    Forward flow closed due to FIN Flag
2025-12-13 12:48:43 DEBUG cic.cs.unb.ca.jnetpcap.FlowGenerator    FlagFIN current has 3887 flow
2025-12-13 12:48:43 INFO  cic.cs.unb.ca.jnetpcap.FlowGenerator    Forward flow closed due to FIN Flag
2025-12-13 12:48:43 DEBUG cic.cs.unb.ca.jnetpcap.FlowGenerator    FlagFIN current has 3916 flow
2025-12-13 12:48:43 DEBUG cic.cs.unb.ca.jnetpcap.FlowGenerator    FlagRST current has 3945 flow
2025-12-13 12:48:43 INFO  cic.cs.unb.ca.jnetpcap.FlowGenerator    Forward flow closed due to FIN Flag
2025-12-13 12:48:43 INFO  cic.cs.unb.ca.jnetpcap.FlowGenerator    Forward flow closed due to FIN Flag
2025-12-13 12:48:43 DEBUG cic.cs.unb.ca.jnetpcap.FlowGenerator    FlagFIN current has 3973 flow
2025-12-13 12:48:43 WARN  cic.cs.unb.ca.jnetpcap.FlowGenerator    Forward flow received 2 FIN packets
2025-12-13 12:48:43 DEBUG cic.cs.unb.ca.jnetpcap.FlowGenerator    FlagFIN current has 3973 flow
2025-12-13 12:48:43 INFO  cic.cs.unb.ca.jnetpcap.FlowGenerator    Forward flow closed due to FIN Flag
2025-12-13 12:48:43 DEBUG cic.cs.unb.ca.jnetpcap.FlowGenerator    FlagFIN current has 4008 flow
2025-12-13 12:48:43 DEBUG cic.cs.unb.ca.jnetpcap.PacketReader    Read All packets on C:\Users\z1395\network_trace_system\catched_data\capture_20251213_124709.pcap
